Archive member included because of file (symbol)

C:/Program Files/Microchip/MPLAB C32/bin/../lib/gcc/pic32mx/3.4.4/size\libgcc.a(_udivdi3.o)
                              Objects Files\Tick.o (__udivdi3)
C:/Program Files/Microchip/MPLAB C32/bin/../lib/gcc/pic32mx/3.4.4/../../../../pic32mx/lib/size\libc.a(memcmp.o)
                              Objects Files\tasks.o (memcmp)
C:/Program Files/Microchip/MPLAB C32/bin/../lib/gcc/pic32mx/3.4.4/../../../../pic32mx/lib/size\libc.a(memcpy.o)
                              Objects Files\queue.o (memcpy)
C:/Program Files/Microchip/MPLAB C32/bin/../lib/gcc/pic32mx/3.4.4/../../../../pic32mx/lib/size\libc.a(memset.o)
                              Objects Files\tasks.o (memset)
C:/Program Files/Microchip/MPLAB C32/bin/../lib/gcc/pic32mx/3.4.4/../../../../pic32mx/lib/size\libc.a(strcmp.o)
                              Objects Files\WFConsole.o (strcmp)
C:/Program Files/Microchip/MPLAB C32/bin/../lib/gcc/pic32mx/3.4.4/../../../../pic32mx/lib/size\libc.a(strcpy.o)
                              Objects Files\TCPIP_init.o (strcpy)
C:/Program Files/Microchip/MPLAB C32/bin/../lib/gcc/pic32mx/3.4.4/../../../../pic32mx/lib/size\libc.a(strlen.o)
                              Objects Files\WF_Config.o (strlen)
C:/Program Files/Microchip/MPLAB C32/bin/../lib/gcc/pic32mx/3.4.4/../../../../pic32mx/lib/size\libc.a(general-exception.o)
                              C:/Program Files/Microchip/MPLAB C32/bin/../lib/gcc/pic32mx/3.4.4/../../../../pic32mx/lib/size/crt0.o (_general_exception_context)
C:/Program Files/Microchip/MPLAB C32/bin/../lib/gcc/pic32mx/3.4.4/../../../../pic32mx/lib/size\libc.a(strncpy.o)
                              Objects Files\tasks.o (strncpy)
C:/Program Files/Microchip/MPLAB C32/bin/../lib/gcc/pic32mx/3.4.4/../../../../pic32mx/lib/size\libc.a(exit.o)
                              C:/Program Files/Microchip/MPLAB C32/bin/../lib/gcc/pic32mx/3.4.4/../../../../pic32mx/lib/size/crt0.o (exit)
C:/Program Files/Microchip/MPLAB C32/bin/../lib/gcc/pic32mx/3.4.4/../../../../pic32mx/lib/size\libc.a(ctype.o)
                              Objects Files\WFConsole.o (_ctype)
C:/Program Files/Microchip/MPLAB C32/bin/../lib/gcc/pic32mx/3.4.4/../../../../pic32mx/lib/size\libc.a(ctypef.o)
                              Objects Files\WFConsoleMsgHandler.o (tolower)
C:/Program Files/Microchip/MPLAB C32/bin/../lib/gcc/pic32mx/3.4.4/../../../../pic32mx/lib/size\libc.a(atol.o)
                              Objects Files\HTTP2.o (atol)
C:/Program Files/Microchip/MPLAB C32/bin/../lib/gcc/pic32mx/3.4.4/../../../../pic32mx/lib/size\libc.a(strtol.o)
                              C:/Program Files/Microchip/MPLAB C32/bin/../lib/gcc/pic32mx/3.4.4/../../../../pic32mx/lib/size\libc.a(atol.o) (strtol)
C:/Program Files/Microchip/MPLAB C32/bin/../lib/gcc/pic32mx/3.4.4/../../../../pic32mx/lib/size\libc.a(sprintf.o)
                              Objects Files\Task_DebugUART.o (sprintf)
C:/Program Files/Microchip/MPLAB C32/bin/../lib/gcc/pic32mx/3.4.4/../../../../pic32mx/lib/size\libc.a(__vsnprintf.o)
                              C:/Program Files/Microchip/MPLAB C32/bin/../lib/gcc/pic32mx/3.4.4/../../../../pic32mx/lib/size\libc.a(sprintf.o) (__vsnprintf)
C:/Program Files/Microchip/MPLAB C32/bin/../lib/gcc/pic32mx/3.4.4/../../../../pic32mx/lib/size\libc.a(isprintf.o)
                              Objects Files\App_HTTP_custom.o (_isprintf)
C:/Program Files/Microchip/MPLAB C32/bin/../lib/gcc/pic32mx/3.4.4/../../../../pic32mx/lib/size\libc.a(__ivsnprintf.o)
                              C:/Program Files/Microchip/MPLAB C32/bin/../lib/gcc/pic32mx/3.4.4/../../../../pic32mx/lib/size\libc.a(isprintf.o) (__ivsnprintf)
C:/Program Files/Microchip/MPLAB C32/bin/../lib/gcc/pic32mx/3.4.4/../../../../pic32mx/lib/size\libc.a(default-bootstrap-exception-handler.o)
                              C:/Program Files/Microchip/MPLAB C32/bin/../lib/gcc/pic32mx/3.4.4/../../../../pic32mx/lib/size/crt0.o (_bootstrap_exception_handler)
C:/Program Files/Microchip/MPLAB C32/bin/../lib/gcc/pic32mx/3.4.4/../../../../pic32mx/lib/size\libc.a(default-on-reset.o)
                              C:/Program Files/Microchip/MPLAB C32/bin/../lib/gcc/pic32mx/3.4.4/../../../../pic32mx/lib/size/crt0.o (_on_reset)
C:/Program Files/Microchip/MPLAB C32/bin/../lib/gcc/pic32mx/3.4.4/../../../../pic32mx/lib/size\libc.a(default-on-bootstrap.o)
                              C:/Program Files/Microchip/MPLAB C32/bin/../lib/gcc/pic32mx/3.4.4/../../../../pic32mx/lib/size/crt0.o (_on_bootstrap)
C:/Program Files/Microchip/MPLAB C32/bin/../lib/gcc/pic32mx/3.4.4/../../../../pic32mx/lib/size\libc.a(default-nmi-handler.o)
                              C:/Program Files/Microchip/MPLAB C32/bin/../lib/gcc/pic32mx/3.4.4/../../../../pic32mx/lib/size/crt0.o (_nmi_handler)
C:/Program Files/Microchip/MPLAB C32/bin/../lib/gcc/pic32mx/3.4.4/../../../../pic32mx/lib/size\libc.a(_exit.o)
[...]
Memory Configuration

Name             Origin             Length             Attributes
kseg0_program_mem 0x9d000000         0x00080000         xr
kseg0_boot_mem   0x9fc00490         0x00000970
exception_mem    0x9fc01000         0x00001000
kseg1_boot_mem   0xbfc00000         0x00000490
debug_exec_mem   0xbfc02000         0x00000ff0
config3          0xbfc02ff0         0x00000004
config2          0xbfc02ff4         0x00000004
config1          0xbfc02ff8         0x00000004
config0          0xbfc02ffc         0x00000004
kseg1_data_mem   0xa0000000         0x00020000         w !x
sfrs             0xbf800000         0x00100000
configsfrs       0xbfc02ff0         0x00000010
*default*        0x00000000         0xffffffff

Linker script and memory map

LOAD C:/Program Files/Microchip/MPLAB C32/bin/../lib/gcc/pic32mx/3.4.4/../../../../pic32mx/lib/size/crt0.o
LOAD Objects Files\tasks.o
LOAD Objects Files\list.o
LOAD Objects Files\queue.o
LOAD Objects Files\port_asm.o
LOAD Objects Files\port.o
LOAD Objects Files\heap_1.o
LOAD Objects Files\WF_Config.o
LOAD Objects Files\RTOS_init.o
LOAD Objects Files\App_functions.o
LOAD Objects Files\App_HTTP_custom.o
LOAD Objects Files\TCPIP_init.o
LOAD Objects Files\App_init.o
LOAD Objects Files\Main.o
LOAD Objects Files\Task_HTTP.o
LOAD Objects Files\Task_control.o
LOAD Objects Files\Task_Network.o
LOAD Objects Files\WF_Eint.o
LOAD Objects Files\WF_Spi.o
LOAD Objects Files\WFConnectionAlgorithm.o
LOAD Objects Files\WFConnectionManager.o
LOAD Objects Files\WFConnectionProfile.o
LOAD Objects Files\WFConsole.o
LOAD Objects Files\WFConsoleIfconfig.o
LOAD Objects Files\WFConsoleIwconfig.o
LOAD Objects Files\WFConsoleIwpriv.o
LOAD Objects Files\WFConsoleMsgHandler.o
LOAD Objects Files\WFConsoleMsgs.o
LOAD Objects Files\WFDataTxRx.o
LOAD Objects Files\WFDriverCom.o
LOAD Objects Files\WFDriverRaw.o
LOAD Objects Files\WFEasyConfig.o
LOAD Objects Files\WFEventHandler.o
LOAD Objects Files\WFInit.o
LOAD Objects Files\WFMac.o
LOAD Objects Files\WFMgmtMsg.o
LOAD Objects Files\WFParamMsg.o
LOAD Objects Files\WFPowerSave.o
LOAD Objects Files\WFScan.o
LOAD Objects Files\WFTxPower.o
LOAD Objects Files\ARCFOUR.o
LOAD Objects Files\ARP.o
LOAD Objects Files\BigInt.o
LOAD Objects Files\BigInt_helper_C32.o
LOAD Objects Files\Delay.o
LOAD Objects Files\DHCPs.o
LOAD Objects Files\Hashes.o
LOAD Objects Files\Helpers.o
LOAD Objects Files\HTTP2.o
LOAD Objects Files\ICMP.o
LOAD Objects Files\IP.o
LOAD Objects Files\LCDBlocking.o
LOAD Objects Files\MPFS2.o
LOAD Objects Files\NBNS.o
LOAD Objects Files\Random.o
LOAD Objects Files\Reboot.o
LOAD Objects Files\RSA.o
LOAD Objects Files\SPIEEPROM.o
LOAD Objects Files\StackTsk.o
LOAD Objects Files\TCP.o
LOAD Objects Files\Tick.o
LOAD Objects Files\UDP.o
LOAD Objects Files\isr_wrapper.o
LOAD Objects Files\Task_DebugUART.o
LOAD Objects Files\IperfApp.o
                0x00000001                __MPLAB_BUILD = 0x1
LOAD C:/Program Files/Microchip/MPLAB C32/bin/../lib/gcc/pic32mx/3.4.4/size\libgcc.a
START GROUP
LOAD C:/Program Files/Microchip/MPLAB C32/bin/../lib/gcc/pic32mx/3.4.4/../../../../pic32mx/lib/size\libdebug.a
LOAD C:/Program Files/Microchip/MPLAB C32/bin/../lib/gcc/pic32mx/3.4.4/../../../../pic32mx/lib/size\libc.a
LOAD C:/Program Files/Microchip/MPLAB C32/bin/../lib/gcc/pic32mx/3.4.4/../../../../pic32mx/lib/size\libm.a
LOAD C:/Program Files/Microchip/MPLAB C32/bin/../lib/gcc/pic32mx/3.4.4/../../../../pic32mx/lib/size\libe.a
LOAD C:/Program Files/Microchip/MPLAB C32/bin/../lib/gcc/pic32mx/3.4.4/../../../../pic32mx/lib/size\libdsp.a
LOAD C:/Program Files/Microchip/MPLAB C32/bin/../lib/gcc/pic32mx/3.4.4/../../../../pic32mx/lib/size\libmchp_peripheral.a
LOAD C:/Program Files/Microchip/MPLAB C32/bin/../lib/gcc/pic32mx/3.4.4/../../../../pic32mx/lib/size\libmchp_peripheral_32MX795F512L.a
END GROUP
LOAD C:/Program Files/Microchip/MPLAB C32/bin/../lib/gcc/pic32mx/3.4.4/size\libgcc.a
                0x00000400                PROVIDE (_min_stack_size, 0x400)
                0x00000000                PROVIDE (_min_heap_size, 0x0)
LOAD C:/Program Files/Microchip/MPLAB C32/bin/../lib/gcc/pic32mx/3.4.4/../../../../pic32mx/lib/./proc/32MX795F512L\processor.o
                0x00000001                PROVIDE (_vector_spacing, 0x1)
                0x9fc01000                _ebase_address = 0x9fc01000
                0xbfc00000                _RESET_ADDR = 0xbfc00000
                0xbfc00380                _BEV_EXCPT_ADDR = 0xbfc00380
                0xbfc00480                _DBG_EXCPT_ADDR = 0xbfc00480
                0xbfc02000                _DBG_CODE_ADDR = 0xbfc02000
                0x9fc01180                _GEN_EXCPT_ADDR = (_ebase_address + 0x180)

.config_BFC02FF0
 *(.config_BFC02FF0)

.config_BFC02FF4
                0xbfc02ff4        0x4
 *(.config_BFC02FF4)
 .config_BFC02FF4
                0xbfc02ff4        0x4 Objects Files\Main.o

.config_BFC02FF8
                0xbfc02ff8        0x4
 *(.config_BFC02FF8)
 .config_BFC02FF8
                0xbfc02ff8        0x4 Objects Files\Main.o

.config_BFC02FFC
                0xbfc02ffc        0x4
 *(.config_BFC02FFC)
 .config_BFC02FFC
                0xbfc02ffc        0x4 Objects Files\Main.o

.reset          0xbfc00000       0x10
 *(.reset)
 .reset         0xbfc00000       0x10 C:/Program Files/Microchip/MPLAB C32/bin/../lib/gcc/pic32mx/3.4.4/../../../../pic32mx/lib/size/crt0.o
                0xbfc00000                _reset

.bev_excpt      0xbfc00380       0x10
 *(.bev_handler)
 .bev_handler   0xbfc00380       0x10 C:/Program Files/Microchip/MPLAB C32/bin/../lib/gcc/pic32mx/3.4.4/../../../../pic32mx/lib/size/crt0.o

.dbg_excpt      0xbfc00480        0x0
                0xbfc00480                . = (. + DEFINED (_DEBUGGER)?0x8:0x0)

.dbg_code       0xbfc02000        0x0
                0xbfc02000                . = (. + DEFINED (_DEBUGGER)?0xff0:0x0)

.app_excpt      0x9fc01180       0x10
 *(.gen_handler)
 .gen_handler   0x9fc01180       0x10 C:/Program Files/Microchip/MPLAB C32/bin/../lib/gcc/pic32mx/3.4.4/../../../../pic32mx/lib/size/crt0.o

.vector_0       0x9fc01200        0x0
 *(.vector_0)
                0x00000001                ASSERT (((_vector_spacing == 0x0) || (SIZEOF (.vector_0) <= (_vector_spacing << 0x5))), function at exception vector 0 too large)

.vector_1       0x9fc01220        0x8
 *(.vector_1)
 .vector_1      0x9fc01220        0x8 Objects Files\port.o
                0x00000001                ASSERT (((_vector_spacing == 0x0) || (SIZEOF (.vector_1) <= (_vector_spacing << 0x5))), function at exception vector 1 too large)

.vector_2       0x9fc01240        0x0
 *(.vector_2)
                0x00000001                ASSERT (((_vector_spacing == 0x0) || (SIZEOF (.vector_2) <= (_vector_spacing << 0x5))), function at exception vector 2 too large)

.vector_3       0x9fc01260        0x0
 *(.vector_3)
                0x00000001                ASSERT (((_vector_spacing == 0x0) || (SIZEOF (.vector_3) <= (_vector_spacing << 0x5))), function at exception vector 3 too large)

.vector_4       0x9fc01280        0x8
 *(.vector_4)
 .vector_4      0x9fc01280        0x8 Objects Files\Tick.o
                0x00000001                ASSERT (((_vector_spacing == 0x0) || (SIZEOF (.vector_4) <= (_vector_spacing << 0x5))), function at exception vector 4 too large)

.vector_5       0x9fc012a0        0x0
 *(.vector_5)
                0x00000001                ASSERT (((_vector_spacing == 0x0) || (SIZEOF (.vector_5) <= (_vector_spacing << 0x5))), function at exception vector 5 too large)

.vector_6       0x9fc012c0        0x0
 *(.vector_6)
                0x00000001                ASSERT (((_vector_spacing == 0x0) || (SIZEOF (.vector_6) <= (_vector_spacing << 0x5))), function at exception vector 6 too large)

.vector_7       0x9fc012e0        0x8
 *(.vector_7)
 .vector_7      0x9fc012e0        0x8 Objects Files\WF_Eint.o
                0x00000001                ASSERT (((_vector_spacing == 0x0) || (SIZEOF (.vector_7) <= (_vector_spacing << 0x5))), function at exception vector 7 too large)

.vector_8       0x9fc01300        0x8
 *(.vector_8)
 .vector_8      0x9fc01300        0x8 Objects Files\port.o
                0x00000001                ASSERT (((_vector_spacing == 0x0) || (SIZEOF (.vector_8) <= (_vector_spacing << 0x5))), function at exception vector 8 too large)

.vector_9       0x9fc01320        0x0
 *(.vector_9)
                0x00000001                ASSERT (((_vector_spacing == 0x0) || (SIZEOF (.vector_9) <= (_vector_spacing << 0x5))), function at exception vector 9 too large)

.vector_10      0x9fc01340        0x0
 *(.vector_10)
                0x00000001                ASSERT (((_vector_spacing == 0x0) || (SIZEOF (.vector_10) <= (_vector_spacing << 0x5))), function at exception vector 10 too large)

.vector_11      0x9fc01360        0x0
 *(.vector_11)
                0x00000001                ASSERT (((_vector_spacing == 0x0) || (SIZEOF (.vector_11) <= (_vector_spacing << 0x5))), function at exception vector 11 too large)

.vector_12      0x9fc01380        0x8
 *(.vector_12)
 .vector_12     0x9fc01380        0x8 Objects Files\Main.o
                0x00000001                ASSERT (((_vector_spacing == 0x0) || (SIZEOF (.vector_12) <= (_vector_spacing << 0x5))), function at exception vector 12 too large)

.vector_13      0x9fc013a0        0x0
 *(.vector_13)
                0x00000001                ASSERT (((_vector_spacing == 0x0) || (SIZEOF (.vector_13) <= (_vector_spacing << 0x5))), function at exception vector 13 too large)

.vector_14      0x9fc013c0        0x0
 *(.vector_14)
                0x00000001                ASSERT (((_vector_spacing == 0x0) || (SIZEOF (.vector_14) <= (_vector_spacing << 0x5))), function at exception vector 14 too large)

.vector_15      0x9fc013e0        0x0
 *(.vector_15)
                0x00000001                ASSERT (((_vector_spacing == 0x0) || (SIZEOF (.vector_15) <= (_vector_spacing << 0x5))), function at exception vector 15 too large)

.vector_16      0x9fc01400        0x0
 *(.vector_16)
                0x00000001                ASSERT (((_vector_spacing == 0x0) || (SIZEOF (.vector_16) <= (_vector_spacing << 0x5))), function at exception vector 16 too large)

.vector_17      0x9fc01420        0x0
 *(.vector_17)
                0x00000001                ASSERT (((_vector_spacing == 0x0) || (SIZEOF (.vector_17) <= (_vector_spacing << 0x5))), function at exception vector 17 too large)

.vector_18      0x9fc01440        0x0
 *(.vector_18)
                0x00000001                ASSERT (((_vector_spacing == 0x0) || (SIZEOF (.vector_18) <= (_vector_spacing << 0x5))), function at exception vector 18 too large)

.vector_19      0x9fc01460        0x0
 *(.vector_19)
                0x00000001                ASSERT (((_vector_spacing == 0x0) || (SIZEOF (.vector_19) <= (_vector_spacing << 0x5))), function at exception vector 19 too large)

.vector_20      0x9fc01480        0x0
 *(.vector_20)
                0x00000001                ASSERT (((_vector_spacing == 0x0) || (SIZEOF (.vector_20) <= (_vector_spacing << 0x5))), function at exception vector 20 too large)

.vector_21      0x9fc014a0        0x0
 *(.vector_21)
                0x00000001                ASSERT (((_vector_spacing == 0x0) || (SIZEOF (.vector_21) <= (_vector_spacing << 0x5))), function at exception vector 21 too large)

.vector_22      0x9fc014c0        0x0
 *(.vector_22)
                0x00000001                ASSERT (((_vector_spacing == 0x0) || (SIZEOF (.vector_22) <= (_vector_spacing << 0x5))), function at exception vector 22 too large)

.vector_23      0x9fc014e0        0x0
 *(.vector_23)
                0x00000001                ASSERT (((_vector_spacing == 0x0) || (SIZEOF (.vector_23) <= (_vector_spacing << 0x5))), function at exception vector 23 too large)

.vector_24      0x9fc01500        0x0
 *(.vector_24)
                0x00000001                ASSERT (((_vector_spacing == 0x0) || (SIZEOF (.vector_24) <= (_vector_spacing << 0x5))), function at exception vector 24 too large)

.vector_25      0x9fc01520        0x0
 *(.vector_25)
                0x00000001                ASSERT (((_vector_spacing == 0x0) || (SIZEOF (.vector_25) <= (_vector_spacing << 0x5))), function at exception vector 25 too large)

.vector_26      0x9fc01540        0x0
 *(.vector_26)
                0x00000001                ASSERT (((_vector_spacing == 0x0) || (SIZEOF (.vector_26) <= (_vector_spacing << 0x5))), function at exception vector 26 too large)

.vector_27      0x9fc01560        0x0
 *(.vector_27)
                0x00000001                ASSERT (((_vector_spacing == 0x0) || (SIZEOF (.vector_27) <= (_vector_spacing << 0x5))), function at exception vector 27 too large)

.vector_28      0x9fc01580        0x0
 *(.vector_28)
                0x00000001                ASSERT (((_vector_spacing == 0x0) || (SIZEOF (.vector_28) <= (_vector_spacing << 0x5))), function at exception vector 28 too large)

.vector_29      0x9fc015a0        0x0
 *(.vector_29)
                0x00000001                ASSERT (((_vector_spacing == 0x0) || (SIZEOF (.vector_29) <= (_vector_spacing << 0x5))), function at exception vector 29 too large)

.vector_30      0x9fc015c0        0x0
 *(.vector_30)
                0x00000001                ASSERT (((_vector_spacing == 0x0) || (SIZEOF (.vector_30) <= (_vector_spacing << 0x5))), function at exception vector 30 too large)

.vector_31      0x9fc015e0        0x0
 *(.vector_31)
                0x00000001                ASSERT (((_vector_spacing == 0x0) || (SIZEOF (.vector_31) <= (_vector_spacing << 0x5))), function at exception vector 31 too large)

.vector_32      0x9fc01600        0x8
 *(.vector_32)
 .vector_32     0x9fc01600        0x8 Objects Files\Main.o
                0x00000001                ASSERT (((_vector_spacing == 0x0) || (SIZEOF (.vector_32) <= (_vector_spacing << 0x5))), function at exception vector 32 too large)

.vector_33      0x9fc01620        0x0
 *(.vector_33)
                0x00000001                ASSERT (((_vector_spacing == 0x0) || (SIZEOF (.vector_33) <= (_vector_spacing << 0x5))), function at exception vector 33 too large)

.vector_34      0x9fc01640        0x0
 *(.vector_34)
                0x00000001                ASSERT (((_vector_spacing == 0x0) || (SIZEOF (.vector_34) <= (_vector_spacing << 0x5))), function at exception vector 34 too large)

.vector_35      0x9fc01660        0x0
 *(.vector_35)
                0x00000001                ASSERT (((_vector_spacing == 0x0) || (SIZEOF (.vector_35) <= (_vector_spacing << 0x5))), function at exception vector 35 too large)

.vector_36      0x9fc01680        0x0
 *(.vector_36)
                0x00000001                ASSERT (((_vector_spacing == 0x0) || (SIZEOF (.vector_36) <= (_vector_spacing << 0x5))), function at exception vector 36 too large)

.vector_37      0x9fc016a0        0x0
 *(.vector_37)
                0x00000001                ASSERT (((_vector_spacing == 0x0) || (SIZEOF (.vector_37) <= (_vector_spacing << 0x5))), function at exception vector 37 too large)

.vector_38      0x9fc016c0        0x0
 *(.vector_38)
                0x00000001                ASSERT (((_vector_spacing == 0x0) || (SIZEOF (.vector_38) <= (_vector_spacing << 0x5))), function at exception vector 38 too large)

.vector_39      0x9fc016e0        0x0
 *(.vector_39)
                0x00000001                ASSERT (((_vector_spacing == 0x0) || (SIZEOF (.vector_39) <= (_vector_spacing << 0x5))), function at exception vector 39 too large)

.vector_40      0x9fc01700        0x0
 *(.vector_40)
                0x00000001                ASSERT (((_vector_spacing == 0x0) || (SIZEOF (.vector_40) <= (_vector_spacing << 0x5))), function at exception vector 40 too large)

.vector_41      0x9fc01720        0x0
 *(.vector_41)
                0x00000001                ASSERT (((_vector_spacing == 0x0) || (SIZEOF (.vector_41) <= (_vector_spacing << 0x5))), function at exception vector 41 too large)

.vector_42      0x9fc01740        0x0
 *(.vector_42)
                0x00000001                ASSERT (((_vector_spacing == 0x0) || (SIZEOF (.vector_42) <= (_vector_spacing << 0x5))), function at exception vector 42 too large)

.vector_43      0x9fc01760        0x0
 *(.vector_43)
                0x00000001                ASSERT (((_vector_spacing == 0x0) || (SIZEOF (.vector_43) <= (_vector_spacing << 0x5))), function at exception vector 43 too large)

.vector_44      0x9fc01780        0x0
 *(.vector_44)
                0x00000001                ASSERT (((_vector_spacing == 0x0) || (SIZEOF (.vector_44) <= (_vector_spacing << 0x5))), function at exception vector 44 too large)

.vector_45      0x9fc017a0        0x0
 *(.vector_45)
                0x00000001                ASSERT (((_vector_spacing == 0x0) || (SIZEOF (.vector_45) <= (_vector_spacing << 0x5))), function at exception vector 45 too large)

.vector_46      0x9fc017c0        0x0
 *(.vector_46)
                0x00000001                ASSERT (((_vector_spacing == 0x0) || (SIZEOF (.vector_46) <= (_vector_spacing << 0x5))), function at exception vector 46 too large)

.vector_47      0x9fc017e0        0x0
 *(.vector_47)
                0x00000001                ASSERT (((_vector_spacing == 0x0) || (SIZEOF (.vector_47) <= (_vector_spacing << 0x5))), function at exception vector 47 too large)

.vector_48      0x9fc01800        0x0
 *(.vector_48)
                0x00000001                ASSERT (((_vector_spacing == 0x0) || (SIZEOF (.vector_48) <= (_vector_spacing << 0x5))), function at exception vector 48 too large)

.vector_49      0x9fc01820        0x0
 *(.vector_49)
                0x00000001                ASSERT (((_vector_spacing == 0x0) || (SIZEOF (.vector_49) <= (_vector_spacing << 0x5))), function at exception vector 49 too large)

.vector_50      0x9fc01840        0x0
 *(.vector_50)
                0x00000001                ASSERT (((_vector_spacing == 0x0) || (SIZEOF (.vector_50) <= (_vector_spacing << 0x5))), function at exception vector 50 too large)

.vector_51      0x9fc01860        0x0
 *(.vector_51)
                0x00000001                ASSERT (((_vector_spacing == 0x0) || (SIZEOF (.vector_51) <= (_vector_spacing << 0x5))), function at exception vector 51 too large)

.vector_52      0x9fc01880        0x0
 *(.vector_52)
                0x00000001                ASSERT (((_vector_spacing == 0x0) || (SIZEOF (.vector_52) <= (_vector_spacing << 0x5))), function at exception vector 52 too large)

.vector_53      0x9fc018a0        0x0
 *(.vector_53)
                0x00000001                ASSERT (((_vector_spacing == 0x0) || (SIZEOF (.vector_53) <= (_vector_spacing << 0x5))), function at exception vector 53 too large)

.vector_54      0x9fc018c0        0x0
 *(.vector_54)
                0x00000001                ASSERT (((_vector_spacing == 0x0) || (SIZEOF (.vector_54) <= (_vector_spacing << 0x5))), function at exception vector 54 too large)

.vector_55      0x9fc018e0        0x0
 *(.vector_55)
                0x00000001                ASSERT (((_vector_spacing == 0x0) || (SIZEOF (.vector_55) <= (_vector_spacing << 0x5))), function at exception vector 55 too large)

.vector_56      0x9fc01900        0x0
 *(.vector_56)
                0x00000001                ASSERT (((_vector_spacing == 0x0) || (SIZEOF (.vector_56) <= (_vector_spacing << 0x5))), function at exception vector 56 too large)

.vector_57      0x9fc01920        0x0
 *(.vector_57)
                0x00000001                ASSERT (((_vector_spacing == 0x0) || (SIZEOF (.vector_57) <= (_vector_spacing << 0x5))), function at exception vector 57 too large)

.vector_58      0x9fc01940        0x0
 *(.vector_58)
                0x00000001                ASSERT (((_vector_spacing == 0x0) || (SIZEOF (.vector_58) <= (_vector_spacing << 0x5))), function at exception vector 58 too large)

.vector_59      0x9fc01960        0x0
 *(.vector_59)
                0x00000001                ASSERT (((_vector_spacing == 0x0) || (SIZEOF (.vector_59) <= (_vector_spacing << 0x5))), function at exception vector 59 too large)

.vector_60      0x9fc01980        0x0
 *(.vector_60)
                0x00000001                ASSERT (((_vector_spacing == 0x0) || (SIZEOF (.vector_60) <= (_vector_spacing << 0x5))), function at exception vector 60 too large)

.vector_61      0x9fc019a0        0x0
 *(.vector_61)
                0x00000001                ASSERT (((_vector_spacing == 0x0) || (SIZEOF (.vector_61) <= (_vector_spacing << 0x5))), function at exception vector 61 too large)

.vector_62      0x9fc019c0        0x0
 *(.vector_62)
                0x00000001                ASSERT (((_vector_spacing == 0x0) || (SIZEOF (.vector_62) <= (_vector_spacing << 0x5))), function at exception vector 62 too large)

.vector_63      0x9fc019e0        0x0
 *(.vector_63)
                0x00000001                ASSERT (((_vector_spacing == 0x0) || (SIZEOF (.vector_63) <= (_vector_spacing << 0x5))), function at exception vector 63 too large)

.startup        0x9fc00490      0x1e0
 *(.startup)
 .startup       0x9fc00490      0x1e0 C:/Program Files/Microchip/MPLAB C32/bin/../lib/gcc/pic32mx/3.4.4/../../../../pic32mx/lib/size/crt0.o

.text           0x9d000000    0x2a100
                0x9d000000                _text_begin = .
 *(.text .stub .text.* .gnu.linkonce.t.*)
 .text          0x9d000000       0x18 C:/Program Files/Microchip/MPLAB C32/bin/../lib/gcc/pic32mx/3.4.4/../../../../pic32mx/lib/size/crt0.o
 .text          0x9d000018     0x123c Objects Files\tasks.o
                0x9d000018                xTaskGenericCreate
                0x9d000270                vTaskDelayUntil
                0x9d00040c                vTaskDelay
                0x9d000504                vTaskStartScheduler
                0x9d0005a4                vTaskEndScheduler
                0x9d0005f8                vTaskSuspendAll
                0x9d000624                xTaskResumeAll
                0x9d00080c                xTaskGetTickCount
                0x9d000850                uxTaskGetNumberOfTasks
                0x9d000874                vTaskIncrementTick
                0x9d0009e8                vTaskSwitchContext
                0x9d000b50                vTaskPlaceOnEventList
                0x9d000c14                xTaskRemoveFromEventList
                0x9d000d60                vTaskSetTimeOutState
                0x9d000d9c                xTaskCheckForTimeOut
                0x9d000e84                vTaskMissedYield
                0x9d001174                vTaskEnterCritical
                0x9d0011d0                vTaskExitCritical
 .text          0x9d001254      0x2b4 Objects Files\list.o
                0x9d001254                vListInitialise
                0x9d0012bc                vListInitialiseItem
                0x9d0012e8                vListInsertEnd
                0x9d001384                vListInsert
                0x9d001470                vListRemove
 .text          0x9d001508      0xd7c Objects Files\queue.o
                0x9d001508                xQueueCreate
                0x9d001678                xQueueGenericSend
                0x9d0018bc                xQueueGenericSendFromISR
                0x9d0019bc                xQueueGenericReceive
                0x9d001c7c                xQueueReceiveFromISR
                0x9d001d7c                uxQueueMessagesWaiting
                0x9d001dc8                uxQueueMessagesWaitingFromISR
                0x9d001dfc                vQueueDelete
                0x9d0021a8                xQueueIsQueueEmptyFromISR
                0x9d002240                xQueueIsQueueFullFromISR
 .text          0x9d002284        0x0 Objects Files\port_asm.o
 .text          0x9d002284      0x30c Objects Files\port.o
                0x9d002284                pxPortInitialiseStack
                0x9d002374                prvSetupTimerInterrupt
                0x9d002418                vPortEndScheduler
                0x9d00242c                xPortStartScheduler
                0x9d0024c4                vPortIncrementTick
                0x9d002520                uxPortSetInterruptMaskFromISR
                0x9d002560                vPortClearInterruptMaskFromISR
 .text          0x9d002590      0x134 Objects Files\heap_1.o
                0x9d002590                pvPortMalloc
                0x9d002650                vPortFree
                0x9d002674                vPortInitialiseBlocks
                0x9d002698                xPortGetFreeHeapSize
 .text          0x9d0026c4      0x204 Objects Files\WF_Config.o
                0x9d0026c4                WF_ProcessEvent
                0x9d0027a0                WF_AssertionFailed
 .text          0x9d0028c8      0x1a0 Objects Files\RTOS_init.o
                0x9d0028c8                RTOSInit
 .text          0x9d002a68      0x55c Objects Files\App_functions.o
                0x9d002a68                directionCommand
                0x9d002ab4                propulsionCommand
                0x9d002c80                SaveAuxVar
                0x9d002d74                ReadAuxVar
                0x9d002e18                UARTputs
                0x9d002edc                UARTputsIP
                0x9d002f7c                putrsUART2
 .text          0x9d002fc4      0xa1c Objects Files\App_HTTP_custom.o
                0x9d002fc4                HTTPExecuteGet
                0x9d00346c                HTTPExecutePost
                0x9d0034b8                HTTPPrint_vitesse_pwm
                0x9d003554                HTTPPrint_avant_arriere
                0x9d0035c0                HTTPPrint_direction_pwm
                0x9d00362c                HTTPPrint_zero_bute
                0x9d003698                HTTPPrint_haut_bute
                0x9d003704                HTTPPrint_bas_bute
                0x9d003770                HTTPPrint_pot_value
                0x9d0037dc                HTTPPrint_etat_save
                0x9d003908                HTTPPrint_incdir
                0x9d003974                HTTPPrint_incvit
 .text          0x9d0039e0      0xcd4 Objects Files\TCPIP_init.o
                0x9d0039e0                NetworkInit
                0x9d003a84                WF_Connect
                0x9d003d0c                DisplayIPValue
                0x9d003e5c                InitializeBoard
                0x9d0043a0                InitAppConfig
                0x9d004638                SaveAppConfig
 .text          0x9d0046b4      0x288 Objects Files\App_init.o
                0x9d0046b4                HardwareInit
                0x9d0048d0                SoftwareInit
 .text          0x9d00493c      0x21c Objects Files\Main.o
                0x9d00493c                IntTimer3Handler
                0x9d0049b4                IntUart3AHandler
                0x9d004a54                _general_exception_handler
                0x9d004a84                vApplicationStackOverflowHook
                0x9d004ad0                main
 .text          0x9d004b58      0x26c Objects Files\Task_HTTP.o
                0x9d004b58                TaskRefreshHTTP
 .text          0x9d004dc4      0x414 Objects Files\Task_control.o
                0x9d004dc4                TaskControl
 .text          0x9d0051d8      0x138 Objects Files\Task_Network.o
                0x9d0051d8                TaskNetwork
 .text          0x9d005310      0x2f4 Objects Files\WF_Eint.o
                0x9d005310                WF_EintIsDisabled
                0x9d005354                WF_EintIsPending
                0x9d0053ac                _WFInterrupt
                0x9d0054fc                WF_EintEnable
                0x9d005548                WF_EintDisable
                0x9d005574                WF_EintInit
 .text          0x9d005604      0x2b0 Objects Files\WF_Spi.o
                0x9d005604                WF_SpiInit
                0x9d0056b0                WF_SpiEnableChipSelect
                0x9d0056e4                WF_SpiDisableChipSelect
                0x9d005720                WFSpiTxRx
 .text          0x9d0058b4      0xcf4 Objects Files\WFConnectionAlgorithm.o
                0x9d0058b4                WF_CASetElements
                0x9d005aa0                WF_CAGetElements
                0x9d005b74                WF_CASetScanType
                0x9d005bb8                WF_CAGetScanType
                0x9d005bfc                WF_CASetMinChannelTime
                0x9d005c58                WF_CAGetMinChannelTime
                0x9d005cc0                WF_CASetMaxChannelTime
                0x9d005d1c                WF_CAGetMaxChannelTime
                0x9d005d84                WF_CASetProbeDelay
                0x9d005de0                WF_CAGetProbeDelay
                0x9d005e48                WF_CASetScanCount
                0x9d005e8c                WF_CAGetScanCount
                0x9d005ed0                WF_CASetRssi
                0x9d005f14                WF_CAGetRssi
                0x9d005f58                WF_CASetConnectionProfileList
                0x9d005f94                WF_CAGetConnectionProfileList
                0x9d005fd0                WF_CASetListRetryCount
                0x9d006014                WF_CAGetListRetryCount
                0x9d006058                WF_CASetEventNotificationAction
                0x9d006098                WF_CAGetEventNotificationAction
                0x9d0060d8                WF_CASetBeaconTimeoutAction
                0x9d00611c                WF_CAGetBeaconTimeoutAction
                0x9d006160                WF_CASetDeauthAction
                0x9d0061a4                WF_CAGetDeauthAction
                0x9d0061e8                WF_CASetChannelList
                0x9d006234                WF_CAGetChannelList
                0x9d0062c8                WF_CASetListenInterval
                0x9d006324                WF_CAGetListenInterval
                0x9d00638c                WF_CASetBeaconTimeout
                0x9d0063d0                WF_CAGetBeaconTimeout
                0x9d006444                GetEventNotificationMask
 .text          0x9d0065a8      0x20c Objects Files\WFConnectionManager.o
                0x9d0065a8                WF_CMConnect
                0x9d00661c                WF_CMDisconnect
                0x9d006688                WF_CMGetConnectionState
                0x9d006764                WFisConnected
                0x9d006788                SetLogicalConnectionState
 .text          0x9d0067b4      0x934 Objects Files\WFConnectionProfile.o
                0x9d0067b4                WF_CPCreate
                0x9d00682c                WF_CPDelete
                0x9d006894                WF_CPGetIds
                0x9d006900                WF_CPSetElements
                0x9d006974                WF_CPGetElements
                0x9d0069cc                WF_CPSetSsid
                0x9d006a48                WF_CPGetSsid
                0x9d006aec                WF_CPSetBssid
                0x9d006b3c                WF_CPGetBssid
                0x9d006b94                WF_CPSetNetworkType
                0x9d006bec                WF_CPGetNetworkType
                0x9d006c44                WF_CPSetSecurity
                0x9d006d28                WF_CPGetSecurity
                0x9d006e24                WF_CPSetDefaultWepKeyIndex
                0x9d006e7c                WF_CPGetDefaultWepKeyIndex
                0x9d006ed4                WF_CPSetAdHocBehavior
                0x9d006f2c                WF_CPGetAdHocBehavior
 .text          0x9d0070e8     0x1ac4 Objects Files\WFConsole.o
                0x9d0070e8                WFConsoleInit
                0x9d007190                WFConsoleProcess
                0x9d007454                WFConsoleProcessEpilogue
                0x9d007494                WFConsoleGetCmdLineArgv
                0x9d0074bc                WFConsoleGetCmdLineArgc
                0x9d00761c                Output_Monitor_Hdr
                0x9d0088cc                WFConsoleSetMsgFlag
                0x9d0088fc                WFConsoleReleaseConsoleMsg
                0x9d008938                WFConsoleIsConsoleMsgReceived
                0x9d008964                WFConsolePrintInteger
                0x9d008a88                WFConsolePrintHex
 .text          0x9d008bac        0x0 Objects Files\WFConsoleIfconfig.o
 .text          0x9d008bac        0x0 Objects Files\WFConsoleIwconfig.o
 .text          0x9d008bac        0x0 Objects Files\WFConsoleIwpriv.o
 .text          0x9d008bac      0x458 Objects Files\WFConsoleMsgHandler.o
                0x9d008bac                process_cmd
                0x9d008d68                convertAsciiToHexInPlace
 .text          0x9d009004      0x76c Objects Files\WFConsoleMsgs.o
                0x9d009004                TokenizeCmdLine
                0x9d009164                GetCmdId
                0x9d00922c                ConvertASCIIHexToBinary
                0x9d009360                ConvertASCIIUnsignedDecimalToBinary
                0x9d009490                ConvertASCIISignedDecimalToBinary
                0x9d009610                HexToBin
                0x9d0096bc                ExtractandValidateU16Range
 .text          0x9d009770        0x0 Objects Files\WFDataTxRx.o
 .text          0x9d009770      0xa54 Objects Files\WFDriverCom.o
                0x9d009770                WFProcess
                0x9d009968                Read8BitWFRegister
                0x9d0099d0                Write8BitWFRegister
                0x9d009a40                Read16BitWFRegister
                0x9d009ab8                Write16BitWFRegister
                0x9d009b34                WriteWFArray
                0x9d009bbc                ReadWFArray
                0x9d009f7c                WFEintHandler
                0x9d00a098                WFHardwareInit
 .text          0x9d00a1c4      0xc20 Objects Files\WFDriverRaw.o
                0x9d00a1c4                AllocateMgmtTxBuffer
                0x9d00a288                DeallocateMgmtRxBuffer
                0x9d00a2d4                AllocateDataTxBuffer
                0x9d00a398                DeallocateDataTxBuffer
                0x9d00a3e0                DeallocateDataRxBuffer
                0x9d00a420                RawSendTxBuffer
                0x9d00a474                RawMountRxBuffer
                0x9d00a4cc                RawToRawCopy
                0x9d00a524                PushRawWindow
                0x9d00a570                PopRawWindow
                0x9d00a5c4                ScratchMount
                0x9d00a648                ScratchUnmount
                0x9d00a6b0                RawRead
                0x9d00a728                RawWrite
                0x9d00a8ec                RawSetIndex
                0x9d00aa08                RawGetIndex
                0x9d00aa7c                RawGetByte
                0x9d00ab44                RawSetByte
                0x9d00ad74                SendRAWDataFrame
 .text          0x9d00ade4      0x728 Objects Files\WFEasyConfig.o
                0x9d00ade4                WFEasyConfigInit
                0x9d00ae74                WFEasyConfigMgr
                0x9d00b2a8                WFInitScan
                0x9d00b2d4                WFStartScan
                0x9d00b340                WFRetrieveScanResult
                0x9d00b3d0                WFScanEventHandler
                0x9d00b41c                WFDisplayScanMgr
 .text          0x9d00b50c      0x440 Objects Files\WFEventHandler.o
                0x9d00b50c                WFProcessMgmtIndicateMsg
 .text          0x9d00b94c       0xfc Objects Files\WFInit.o
                0x9d00b94c                WF_Init
 .text          0x9d00ba48     0x16f8 Objects Files\WFMac.o
                0x9d00be4c                MACProcess
                0x9d00bed8                MACInit
                0x9d00bf08                RawInit
                0x9d00bf98                MACIsLinked
                0x9d00bfc8                MACIsTxReady
                0x9d00c088                WFisTxMgmtReady
                0x9d00c114                WFFreeMgmtTx
                0x9d00c1b4                SendRAWManagementFrame
                0x9d00c200                RawGetMgmtRxBuffer
                0x9d00c29c                SetRawRxMgmtInProgress
                0x9d00c2d8                isRawRxMgmtInProgress
                0x9d00c2fc                MACDiscardRx
                0x9d00c324                MACGetFreeRxSize
                0x9d00c458                MACGetHeader
                0x9d00c65c                MACPutHeader
                0x9d00c734                MACFlush
                0x9d00c814                MACSetReadPtrInRx
                0x9d00c85c                MACSetWritePtr
                0x9d00c8a8                MACSetReadPtr
                0x9d00c8f4                MACCalcRxChecksum
                0x9d00c980                MACMemCopyAsync
                0x9d00cea0                MACIsMemCopyDone
                0x9d00cec4                MACGet
                0x9d00cf30                MACGetArray
                0x9d00d00c                MACPut
                0x9d00d084                MACPutArray
                0x9d00d100                MACPowerDown
                0x9d00d120                MACPowerUp
 .text          0x9d00d140      0x414 Objects Files\WFMgmtMsg.o
                0x9d00d140                SendMgmtMsg
                0x9d00d284                SignalMgmtConfirmReceivedEvent
                0x9d00d2ac                WaitForMgmtResponse
                0x9d00d3d8                WaitForMgmtResponseAndReadData
                0x9d00d4e8                WFSetFuncState
 .text          0x9d00d554      0x758 Objects Files\WFParamMsg.o
                0x9d00d554                WFEnableMRF24WB0MMode
                0x9d00d59c                WFGetMRF24WB0MVersion
                0x9d00d5dc                WF_GetDeviceInfo
                0x9d00d640                WF_SetMacAddress
                0x9d00d680                WF_GetMacAddress
                0x9d00d6c0                WF_SetMultiCastFilter
                0x9d00d7d8                WF_GetMultiCastFilter
                0x9d00d8d0                WF_SetTxDataConfirm
                0x9d00d914                WF_GetTxDataConfirm
                0x9d00d954                WF_SetRegionalDomain
                0x9d00d998                WF_GetRegionalDomain
                0x9d00d9d8                WF_SetRtsThreshold
                0x9d00da54                WF_GetRtsThreshold
                0x9d00dab8                WF_GetMacStats
                0x9d00db9c                SendSetParamMsg
                0x9d00dc20                SendGetParamMsg
 .text          0x9d00dcac      0x3a0 Objects Files\WFPowerSave.o
                0x9d00dcac                WFConfigureLowPowerMode
                0x9d00dd58                WF_PsPollEnable
                0x9d00dddc                WF_PsPollDisable
                0x9d00de40                WF_GetPowerSaveState
                0x9d00de70                WFisPsPollEnabled
                0x9d00ded0                WFIsPsPollActive
                0x9d00def4                EnsureWFisAwake
                0x9d00df60                WF_HibernateEnable
 .text          0x9d00e04c      0x140 Objects Files\WFScan.o
                0x9d00e04c                WF_Scan
                0x9d00e0c0                WF_ScanGetResult
 .text          0x9d00e18c      0x698 Objects Files\WFTxPower.o
                0x9d00e18c                WF_ThrottleTableSet
                0x9d00e328                WF_ThrottleTableGet
                0x9d00e4c4                WF_ThrottleTableEnable
                0x9d00e508                WF_ThrottleTableDisable
                0x9d00e5a8                WF_ThrottleTableGetState
                0x9d00e658                WF_TxPowerSetMinMax
                0x9d00e744                WF_TxPowerGetMinMax
                0x9d00e7d8                WF_TxPowerGetFactoryMax
 .text          0x9d00e824        0x0 Objects Files\ARCFOUR.o
 .text          0x9d00e824      0x5ec Objects Files\ARP.o
                0x9d00e928                ARPInit
                0x9d00e9b8                ARPProcess
                0x9d00eba8                ARPResolve
                0x9d00ec88                ARPIsResolved
                0x9d00ed88                SwapARPPacket
 .text          0x9d00ee10        0x0 Objects Files\BigInt.o
 .text          0x9d00ee10        0x0 Objects Files\BigInt_helper_C32.o
 .text          0x9d00ee10       0xec Objects Files\Delay.o
                0x9d00ee10                DelayMs
                0x9d00ee94                Delay10us
 .text          0x9d00eefc      0xb64 Objects Files\DHCPs.o
                0x9d00eefc                DHCPServerTask
 .text          0x9d00fa60        0x0 Objects Files\Hashes.o
 .text          0x9d00fa60     0x1090 Objects Files\Helpers.o
                0x9d00fa60                LFSRSeedRand
                0x9d00fae4                LFSRRand
                0x9d00fb5c                GenerateRandomDWORD
                0x9d00fd9c                StringToIPAddress
                0x9d01009c                uitoa
                0x9d0101c0                ultoa
                0x9d0102e4                hexatob
                0x9d0103b8                btohexa_high
                0x9d010428                btohexa_low
                0x9d010498                stricmppgm2ram
                0x9d010618                swaps
                0x9d010664                swapl
                0x9d0106ec                CalcIPChecksum
                0x9d0107c8                CalcIPBufferChecksum
                0x9d010900                strupr
                0x9d010990                FormatNetBIOSName
                0x9d010a48                strnchr
 .text          0x9d010af0     0x2f98 Objects Files\HTTP2.o
                0x9d010af0                HTTPPrint
                0x9d010c4c                HTTPPrint_
                0x9d010c9c                HTTPInit
                0x9d010da0                HTTPServer
                0x9d012c5c                HTTPURLDecode
                0x9d012e30                HTTPGetArg
                0x9d012efc                HTTPReadPostName
                0x9d012f78                HTTPReadPostValue
                0x9d013888                HTTPIncFile
 .text          0x9d013a88      0x148 Objects Files\ICMP.o
                0x9d013a88                ICMPProcess
 .text          0x9d013bd0      0x3bc Objects Files\IP.o
                0x9d013bd0                IPGetHeader
                0x9d013dac                IPPutHeader
                0x9d013eb8                IPSetRxBuffer
 .text          0x9d013f8c      0x48c Objects Files\LCDBlocking.o
                0x9d014068                LCDInit
                0x9d0141e8                LCDUpdate
                0x9d0143bc                LCDErase
 .text          0x9d014418     0x1ba0 Objects Files\MPFS2.o
                0x9d014418                MPFSInit
                0x9d0144b0                MPFSOpen
                0x9d0147e8                MPFSOpenID
                0x9d01497c                MPFSClose
                0x9d0149e8                MPFSGet
                0x9d014c9c                MPFSGetArray
                0x9d014f48                MPFSGetLong
                0x9d014f9c                MPFSSeek
                0x9d0153e8                MPFSFormat
                0x9d0154e0                MPFSPutArray
                0x9d01569c                MPFSPutEnd
                0x9d0157b4                MPFSGetTimestamp
                0x9d015880                MPFSGetMicrotime
                0x9d01594c                MPFSGetFlags
                0x9d015a18                MPFSGetSize
                0x9d015ae4                MPFSGetBytesRem
                0x9d015b90                MPFSGetStartAddr
                0x9d015c60                MPFSGetEndAddr
                0x9d015d44                MPFSGetFilename
                0x9d015e54                MPFSGetPosition
                0x9d015ec8                MPFSGetID
 .text          0x9d015fb8        0x0 Objects Files\NBNS.o
 .text          0x9d015fb8        0x0 Objects Files\Random.o
 .text          0x9d015fb8        0x0 Objects Files\Reboot.o
 .text          0x9d015fb8        0x0 Objects Files\RSA.o
 .text          0x9d015fb8      0x958 Objects Files\SPIEEPROM.o
                0x9d015fb8                XEEInit
                0x9d016050                XEEBeginRead
                0x9d016084                XEERead
                0x9d01610c                XEEEndRead
                0x9d016130                XEEReadArray
                0x9d01636c                XEEBeginWrite
                0x9d0163a0                XEEWrite
                0x9d01643c                XEEWriteArray
                0x9d0164bc                XEEEndWrite
                0x9d0167b8                XEEIsBusy
 .text          0x9d016910      0x2dc Objects Files\StackTsk.o
                0x9d016910                StackInit
                0x9d016980                StackTask
                0x9d016bb4                StackApplications
 .text          0x9d016bec     0x8370 Objects Files\TCP.o
                0x9d016d20                TCPInit
                0x9d017020                TCPOpen
                0x9d01740c                TCPWasReset
                0x9d0174b8                TCPIsConnected
                0x9d017514                TCPDisconnect
                0x9d017780                TCPClose
                0x9d0177f8                TCPGetRemoteInfo
                0x9d017874                TCPFlush
                0x9d0178fc                TCPIsPutReady
                0x9d017af0                TCPPut
                0x9d017e44                TCPPutArray
                0x9d0182c8                TCPPutString
                0x9d01832c                TCPGetTxFIFOFull
                0x9d0183e0                TCPDiscard
                0x9d018488                TCPIsGetReady
                0x9d018624                TCPGet
                0x9d0188ac                TCPGetArray
                0x9d018c8c                TCPGetRxFIFOFree
                0x9d018d3c                TCPPeekArray
                0x9d019000                TCPPeek
                0x9d01905c                TCPFindArrayEx
                0x9d019678                TCPFindEx
                0x9d0196ec                TCPTick
                0x9d01a57c                TCPProcess
                0x9d01e630                TCPAdjustFIFOSize
 .text          0x9d01ef5c      0x2d8 Objects Files\Tick.o
                0x9d01ef5c                TickInit
                0x9d01f078                TickGet
                0x9d01f0ac                TickGetDiv256
                0x9d01f100                TickGetDiv64K
                0x9d01f154                TickConvertToMilliseconds
                0x9d01f1ac                _T1Interrupt
 .text          0x9d01f234      0xba8 Objects Files\UDP.o
                0x9d01f234                UDPInit
                0x9d01f2a0                UDPTask
                0x9d01f2c8                UDPOpen
                0x9d01f41c                UDPClose
                0x9d01f4a8                UDPSetTxBuffer
                0x9d01f4f4                UDPSetRxBuffer
                0x9d01f544                UDPIsPutReady
                0x9d01f5d8                UDPPut
                0x9d01f668                UDPPutArray
                0x9d01f70c                UDPPutString
                0x9d01f760                UDPFlush
                0x9d01f848                UDPIsGetReady
                0x9d01f8e4                UDPGet
                0x9d01f974                UDPGetArray
                0x9d01fa40                UDPDiscard
                0x9d01fa9c                UDPProcess
 .text          0x9d01fddc      0x350 Objects Files\isr_wrapper.o
                0x9d01fddc                IntUart3AWrapper
                0x9d01ff84                IntTimer3Wrapper
 .text          0x9d02012c      0x1b0 Objects Files\Task_DebugUART.o
                0x9d02012c                TaskDebugUart
 .text          0x9d0202dc     0x4568 Objects Files\IperfApp.o
                0x9d020c70                IperfAppInit
                0x9d024624                IperfAppCall
 .text          0x9d024844      0x44c C:/Program Files/Microchip/MPLAB C32/bin/../lib/gcc/pic32mx/3.4.4/size\libgcc.a(_udivdi3.o)
                0x9d024844                __udivdi3
 .text          0x9d024c90       0x98 C:/Program Files/Microchip/MPLAB C32/bin/../lib/gcc/pic32mx/3.4.4/../../../../pic32mx/lib/size\libc.a(memcmp.o)
                0x9d024c90                memcmp
 .text          0x9d024d28      0x168 C:/Program Files/Microchip/MPLAB C32/bin/../lib/gcc/pic32mx/3.4.4/../../../../pic32mx/lib/size\libc.a(memcpy.o)
                0x9d024d28                memcpy
 .text          0x9d024e90       0xa8 C:/Program Files/Microchip/MPLAB C32/bin/../lib/gcc/pic32mx/3.4.4/../../../../pic32mx/lib/size\libc.a(memset.o)
                0x9d024e90                memset
 .text          0x9d024f38      0x120 C:/Program Files/Microchip/MPLAB C32/bin/../lib/gcc/pic32mx/3.4.4/../../../../pic32mx/lib/size\libc.a(strcmp.o)
                0x9d024f38                strcmp
 .text          0x9d025058      0x1a0 C:/Program Files/Microchip/MPLAB C32/bin/../lib/gcc/pic32mx/3.4.4/../../../../pic32mx/lib/size\libc.a(strcpy.o)
                0x9d025058                strcpy
 .text          0x9d0251f8      0x168 C:/Program Files/Microchip/MPLAB C32/bin/../lib/gcc/pic32mx/3.4.4/../../../../pic32mx/lib/size\libc.a(strlen.o)
                0x9d0251f8                strlen
 .text          0x9d025360        0x0 C:/Program Files/Microchip/MPLAB C32/bin/../lib/gcc/pic32mx/3.4.4/../../../../pic32mx/lib/size\libc.a(general-exception.o)
 .text.general_exception
                0x9d025360       0xd0 C:/Program Files/Microchip/MPLAB C32/bin/../lib/gcc/pic32mx/3.4.4/../../../../pic32mx/lib/size\libc.a(general-exception.o)
                0x9d025360                _general_exception_context
 .text          0x9d025430        0x0 C:/Program Files/Microchip/MPLAB C32/bin/../lib/gcc/pic32mx/3.4.4/../../../../pic32mx/lib/size\libc.a(strncpy.o)
 .text.strncpy  0x9d025430       0xcc C:/Program Files/Microchip/MPLAB C32/bin/../lib/gcc/pic32mx/3.4.4/../../../../pic32mx/lib/size\libc.a(strncpy.o)
                0x9d025430                strncpy
 .text          0x9d0254fc        0x0 C:/Program Files/Microchip/MPLAB C32/bin/../lib/gcc/pic32mx/3.4.4/../../../../pic32mx/lib/size\libc.a(exit.o)
 .text.exit     0x9d0254fc       0x10 C:/Program Files/Microchip/MPLAB C32/bin/../lib/gcc/pic32mx/3.4.4/../../../../pic32mx/lib/size\libc.a(exit.o)
                0x9d0254fc                exit
 .text          0x9d02550c        0x0 C:/Program Files/Microchip/MPLAB C32/bin/../lib/gcc/pic32mx/3.4.4/../../../../pic32mx/lib/size\libc.a(ctype.o)
 .text          0x9d02550c        0x0 C:/Program Files/Microchip/MPLAB C32/bin/../lib/gcc/pic32mx/3.4.4/../../../../pic32mx/lib/size\libc.a(ctypef.o)
 .text.tolower  0x9d02550c       0x20 C:/Program Files/Microchip/MPLAB C32/bin/../lib/gcc/pic32mx/3.4.4/../../../../pic32mx/lib/size\libc.a(ctypef.o)
                0x9d02550c                tolower
 .text.toupper  0x9d02552c       0x20 C:/Program Files/Microchip/MPLAB C32/bin/../lib/gcc/pic32mx/3.4.4/../../../../pic32mx/lib/size\libc.a(ctypef.o)
                0x9d02552c                toupper
 .text.isalnum  0x9d02554c       0x18 C:/Program Files/Microchip/MPLAB C32/bin/../lib/gcc/pic32mx/3.4.4/../../../../pic32mx/lib/size\libc.a(ctypef.o)
                0x9d02554c                isalnum
 .text.isalpha  0x9d025564       0x18 C:/Program Files/Microchip/MPLAB C32/bin/../lib/gcc/pic32mx/3.4.4/../../../../pic32mx/lib/size\libc.a(ctypef.o)
                0x9d025564                isalpha
 .text.isascii  0x9d02557c        0x8 C:/Program Files/Microchip/MPLAB C32/bin/../lib/gcc/pic32mx/3.4.4/../../../../pic32mx/lib/size\libc.a(ctypef.o)
                0x9d02557c                isascii
 .text.iscntrl  0x9d025584       0x18 C:/Program Files/Microchip/MPLAB C32/bin/../lib/gcc/pic32mx/3.4.4/../../../../pic32mx/lib/size\libc.a(ctypef.o)
                0x9d025584                iscntrl
 .text.isdigit  0x9d02559c       0x18 C:/Program Files/Microchip/MPLAB C32/bin/../lib/gcc/pic32mx/3.4.4/../../../../pic32mx/lib/size\libc.a(ctypef.o)
                0x9d02559c                isdigit
 .text.isgraph  0x9d0255b4       0x18 C:/Program Files/Microchip/MPLAB C32/bin/../lib/gcc/pic32mx/3.4.4/../../../../pic32mx/lib/size\libc.a(ctypef.o)
                0x9d0255b4                isgraph
 .text.islower  0x9d0255cc       0x18 C:/Program Files/Microchip/MPLAB C32/bin/../lib/gcc/pic32mx/3.4.4/../../../../pic32mx/lib/size\libc.a(ctypef.o)
                0x9d0255cc                islower
 .text.isprint  0x9d0255e4       0x18 C:/Program Files/Microchip/MPLAB C32/bin/../lib/gcc/pic32mx/3.4.4/../../../../pic32mx/lib/size\libc.a(ctypef.o)
                0x9d0255e4                isprint
 .text.ispunct  0x9d0255fc       0x18 C:/Program Files/Microchip/MPLAB C32/bin/../lib/gcc/pic32mx/3.4.4/../../../../pic32mx/lib/size\libc.a(ctypef.o)
                0x9d0255fc                ispunct
 .text.isspace  0x9d025614       0x18 C:/Program Files/Microchip/MPLAB C32/bin/../lib/gcc/pic32mx/3.4.4/../../../../pic32mx/lib/size\libc.a(ctypef.o)
                0x9d025614                isspace
 .text.isupper  0x9d02562c       0x18 C:/Program Files/Microchip/MPLAB C32/bin/../lib/gcc/pic32mx/3.4.4/../../../../pic32mx/lib/size\libc.a(ctypef.o)
                0x9d02562c                isupper
 .text.isxdigit
                0x9d025644       0x18 C:/Program Files/Microchip/MPLAB C32/bin/../lib/gcc/pic32mx/3.4.4/../../../../pic32mx/lib/size\libc.a(ctypef.o)
                0x9d025644                isxdigit
 .text.toascii  0x9d02565c        0x8 C:/Program Files/Microchip/MPLAB C32/bin/../lib/gcc/pic32mx/3.4.4/../../../../pic32mx/lib/size\libc.a(ctypef.o)
                0x9d02565c                toascii
 .text._tolower
                0x9d025664        0x8 C:/Program Files/Microchip/MPLAB C32/bin/../lib/gcc/pic32mx/3.4.4/../../../../pic32mx/lib/size\libc.a(ctypef.o)
                0x9d025664                _tolower
 .text._toupper
                0x9d02566c        0x8 C:/Program Files/Microchip/MPLAB C32/bin/../lib/gcc/pic32mx/3.4.4/../../../../pic32mx/lib/size\libc.a(ctypef.o)
                0x9d02566c                _toupper
 .text          0x9d025674        0x0 C:/Program Files/Microchip/MPLAB C32/bin/../lib/gcc/pic32mx/3.4.4/../../../../pic32mx/lib/size\libc.a(atol.o)
 .text.atol     0x9d025674        0xc C:/Program Files/Microchip/MPLAB C32/bin/../lib/gcc/pic32mx/3.4.4/../../../../pic32mx/lib/size\libc.a(atol.o)
                0x9d025674                atol
 .text          0x9d025680        0x0 C:/Program Files/Microchip/MPLAB C32/bin/../lib/gcc/pic32mx/3.4.4/../../../../pic32mx/lib/size\libc.a(strtol.o)
 .text.strtol   0x9d025680      0x1f0 C:/Program Files/Microchip/MPLAB C32/bin/../lib/gcc/pic32mx/3.4.4/../../../../pic32mx/lib/size\libc.a(strtol.o)
                0x9d025680                strtol
 .text          0x9d025870        0x0 C:/Program Files/Microchip/MPLAB C32/bin/../lib/gcc/pic32mx/3.4.4/../../../../pic32mx/lib/size\libc.a(sprintf.o)
 .text.sprintf  0x9d025870       0x34 C:/Program Files/Microchip/MPLAB C32/bin/../lib/gcc/pic32mx/3.4.4/../../../../pic32mx/lib/size\libc.a(sprintf.o)
                0x9d025870                sprintf
                0x9d025870                _isprintf
 .text          0x9d0258a4        0x0 C:/Program Files/Microchip/MPLAB C32/bin/../lib/gcc/pic32mx/3.4.4/../../../../pic32mx/lib/size\libc.a(__vsnprintf.o)
 .text.__vsnprintf
                0x9d0258a4       0x60 C:/Program Files/Microchip/MPLAB C32/bin/../lib/gcc/pic32mx/3.4.4/../../../../pic32mx/lib/size\libc.a(__vsnprintf.o)
                0x9d0258a4                __ivsnprintf
                0x9d0258a4                __vsnprintf
 .text          0x9d025904        0x0 C:/Program Files/Microchip/MPLAB C32/bin/../lib/gcc/pic32mx/3.4.4/../../../../pic32mx/lib/size\libc.a(default-bootstrap-exception-handler.o)
 .text._bootstrap_exception_handler
                0x9d025904        0x8 C:/Program Files/Microchip/MPLAB C32/bin/../lib/gcc/pic32mx/3.4.4/../../../../pic32mx/lib/size\libc.a(default-bootstrap-exception-handler.o)
                0x9d025904                _bootstrap_exception_handler
 .text          0x9d02590c        0x0 C:/Program Files/Microchip/MPLAB C32/bin/../lib/gcc/pic32mx/3.4.4/../../../../pic32mx/lib/size\libc.a(default-on-reset.o)
 .text._on_reset
                0x9d02590c        0x8 C:/Program Files/Microchip/MPLAB C32/bin/../lib/gcc/pic32mx/3.4.4/../../../../pic32mx/lib/size\libc.a(default-on-reset.o)
                0x9d02590c                _on_reset
 .text          0x9d025914        0x0 C:/Program Files/Microchip/MPLAB C32/bin/../lib/gcc/pic32mx/3.4.4/../../../../pic32mx/lib/size\libc.a(default-on-bootstrap.o)
 .text._on_bootstrap
                0x9d025914        0x8 C:/Program Files/Microchip/MPLAB C32/bin/../lib/gcc/pic32mx/3.4.4/../../../../pic32mx/lib/size\libc.a(default-on-bootstrap.o)
                0x9d025914                _on_bootstrap
 .text          0x9d02591c       0x18 C:/Program Files/Microchip/MPLAB C32/bin/../lib/gcc/pic32mx/3.4.4/../../../../pic32mx/lib/size\libc.a(default-nmi-handler.o)
                0x9d02591c                _nmi_handler
 .text          0x9d025934        0x0 C:/Program Files/Microchip/MPLAB C32/bin/../lib/gcc/pic32mx/3.4.4/../../../../pic32mx/lib/size\libc.a(_exit.o)
 .text._exit    0x9d025934        0x8 C:/Program Files/Microchip/MPLAB C32/bin/../lib/gcc/pic32mx/3.4.4/../../../../pic32mx/lib/size\libc.a(_exit.o)
                0x9d025934                _exit
 .text          0x9d02593c        0x0 C:/Program Files/Microchip/MPLAB C32/bin/../lib/gcc/pic32mx/3.4.4/../../../../pic32mx/lib/size\libc.a(errno.o)
 .text          0x9d02593c        0x0 C:/Program Files/Microchip/MPLAB C32/bin/../lib/gcc/pic32mx/3.4.4/../../../../pic32mx/lib/size\libc.a(_doprnt.o)
 .text.__sputn  0x9d02593c       0x70 C:/Program Files/Microchip/MPLAB C32/bin/../lib/gcc/pic32mx/3.4.4/../../../../pic32mx/lib/size\libc.a(_doprnt.o)
 .text.repl     0x9d0259ac       0x7c C:/Program Files/Microchip/MPLAB C32/bin/../lib/gcc/pic32mx/3.4.4/../../../../pic32mx/lib/size\libc.a(_doprnt.o)
 .text._outcnvrt
                0x9d025a28       0xe4 C:/Program Files/Microchip/MPLAB C32/bin/../lib/gcc/pic32mx/3.4.4/../../../../pic32mx/lib/size\libc.a(_doprnt.o)
 .text.rounded  0x9d025b0c      0x140 C:/Program Files/Microchip/MPLAB C32/bin/../lib/gcc/pic32mx/3.4.4/../../../../pic32mx/lib/size\libc.a(_doprnt.o)
 .text.vfprintf
                0x9d025c4c     0x14ac C:/Program Files/Microchip/MPLAB C32/bin/../lib/gcc/pic32mx/3.4.4/../../../../pic32mx/lib/size\libc.a(_doprnt.o)
                0x9d025c4c                _ivfprintf
                0x9d025c4c                vfprintf
 .text._io_exit
                0x9d0270f8       0x40 C:/Program Files/Microchip/MPLAB C32/bin/../lib/gcc/pic32mx/3.4.4/../../../../pic32mx/lib/size\libc.a(_doprnt.o)
                0x9d0270f8                _io_exit
 .text          0x9d027138        0x0 C:/Program Files/Microchip/MPLAB C32/bin/../lib/gcc/pic32mx/3.4.4/../../../../pic32mx/lib/size\libc.a(_iobdata.o)
 .text          0x9d027138        0x0 C:/Program Files/Microchip/MPLAB C32/bin/../lib/gcc/pic32mx/3.4.4/../../../../pic32mx/lib/size\libc.a(_iobfuncs.o)
 .text._filbuf_simple
                0x9d027138       0x28 C:/Program Files/Microchip/MPLAB C32/bin/../lib/gcc/pic32mx/3.4.4/../../../../pic32mx/lib/size\libc.a(_iobfuncs.o)
                0x9d027138                _filbuf_simple
 .text._fflush_simple
                0x9d027160       0x68 C:/Program Files/Microchip/MPLAB C32/bin/../lib/gcc/pic32mx/3.4.4/../../../../pic32mx/lib/size\libc.a(_iobfuncs.o)
                0x9d027160                _fflush_simple
 .text._flsbuf_simple
                0x9d0271c8       0xe8 C:/Program Files/Microchip/MPLAB C32/bin/../lib/gcc/pic32mx/3.4.4/../../../../pic32mx/lib/size\libc.a(_iobfuncs.o)
                0x9d0271c8                _flsbuf_simple
 .text._fwrite_simple
                0x9d0272b0       0x84 C:/Program Files/Microchip/MPLAB C32/bin/../lib/gcc/pic32mx/3.4.4/../../../../pic32mx/lib/size\libc.a(_iobfuncs.o)
                0x9d0272b0                _fwrite_simple
 .text._fsync_simple
                0x9d027334       0x34 C:/Program Files/Microchip/MPLAB C32/bin/../lib/gcc/pic32mx/3.4.4/../../../../pic32mx/lib/size\libc.a(_iobfuncs.o)
                0x9d027334                _fsync_simple
 .text._io_exit
                0x9d027368       0x40 C:/Program Files/Microchip/MPLAB C32/bin/../lib/gcc/pic32mx/3.4.4/../../../../pic32mx/lib/size\libc.a(_iobfuncs.o)
 .text          0x9d0273a8        0x0 C:/Program Files/Microchip/MPLAB C32/bin/../lib/gcc/pic32mx/3.4.4/../../../../pic32mx/lib/size\libc.a(_iobstring.o)
 .text._filbuf_string
                0x9d0273a8        0x8 C:/Program Files/Microchip/MPLAB C32/bin/../lib/gcc/pic32mx/3.4.4/../../../../pic32mx/lib/size\libc.a(_iobstring.o)
 .text._flsbuf_string
                0x9d0273b0        0x8 C:/Program Files/Microchip/MPLAB C32/bin/../lib/gcc/pic32mx/3.4.4/../../../../pic32mx/lib/size\libc.a(_iobstring.o)
 .text._fflush_string
                0x9d0273b8        0x8 C:/Program Files/Microchip/MPLAB C32/bin/../lib/gcc/pic32mx/3.4.4/../../../../pic32mx/lib/size\libc.a(_iobstring.o)
 .text._fwrite_string
                0x9d0273c0        0x8 C:/Program Files/Microchip/MPLAB C32/bin/../lib/gcc/pic32mx/3.4.4/../../../../pic32mx/lib/size\libc.a(_iobstring.o)
 .text._fsync_string
                0x9d0273c8        0x8 C:/Program Files/Microchip/MPLAB C32/bin/../lib/gcc/pic32mx/3.4.4/../../../../pic32mx/lib/size\libc.a(_iobstring.o)
 .text          0x9d0273d0        0x0 C:/Program Files/Microchip/MPLAB C32/bin/../lib/gcc/pic32mx/3.4.4/../../../../pic32mx/lib/size\libc.a(fputc.o)
 .text.fputc    0x9d0273d0       0xac C:/Program Files/Microchip/MPLAB C32/bin/../lib/gcc/pic32mx/3.4.4/../../../../pic32mx/lib/size\libc.a(fputc.o)
                0x9d0273d0                fputc
 .text.putc     0x9d02747c        0x8 C:/Program Files/Microchip/MPLAB C32/bin/../lib/gcc/pic32mx/3.4.4/../../../../pic32mx/lib/size\libc.a(fputc.o)
                0x9d02747c                putc
 .text.putchar  0x9d027484       0x10 C:/Program Files/Microchip/MPLAB C32/bin/../lib/gcc/pic32mx/3.4.4/../../../../pic32mx/lib/size\libc.a(fputc.o)
                0x9d027484                putchar
 .text          0x9d027494        0x0 C:/Program Files/Microchip/MPLAB C32/bin/../lib/gcc/pic32mx/3.4.4/../../../../pic32mx/lib/size\libc.a(stubs.o)
 .text._weak_pthread_mutex_init
                0x9d027494        0x8 C:/Program Files/Microchip/MPLAB C32/bin/../lib/gcc/pic32mx/3.4.4/../../../../pic32mx/lib/size\libc.a(stubs.o)
                0x9d027494                _weak_pthread_mutex_init
                0x9d027494                pthread_mutex_init
 .text._weak_pthread_mutex_destroy
                0x9d02749c        0x8 C:/Program Files/Microchip/MPLAB C32/bin/../lib/gcc/pic32mx/3.4.4/../../../../pic32mx/lib/size\libc.a(stubs.o)
                0x9d02749c                pthread_mutex_destroy
                0x9d02749c                _weak_pthread_mutex_destroy
 .text._weak_pthread_mutex_lock
                0x9d0274a4        0x8 C:/Program Files/Microchip/MPLAB C32/bin/../lib/gcc/pic32mx/3.4.4/../../../../pic32mx/lib/size\libc.a(stubs.o)
                0x9d0274a4                pthread_mutex_lock
                0x9d0274a4                _weak_pthread_mutex_lock
 .text._weak_pthread_mutex_trylock
                0x9d0274ac        0x8 C:/Program Files/Microchip/MPLAB C32/bin/../lib/gcc/pic32mx/3.4.4/../../../../pic32mx/lib/size\libc.a(stubs.o)
                0x9d0274ac                _weak_pthread_mutex_trylock
                0x9d0274ac                pthread_mutex_trylock
 .text._weak_pthread_mutex_unlock
                0x9d0274b4        0x8 C:/Program Files/Microchip/MPLAB C32/bin/../lib/gcc/pic32mx/3.4.4/../../../../pic32mx/lib/size\libc.a(stubs.o)
                0x9d0274b4                pthread_mutex_unlock
                0x9d0274b4                _weak_pthread_mutex_unlock
 .text._weak_pthread_mutex_setname_np
                0x9d0274bc        0x8 C:/Program Files/Microchip/MPLAB C32/bin/../lib/gcc/pic32mx/3.4.4/../../../../pic32mx/lib/size\libc.a(stubs.o)
                0x9d0274bc                _weak_pthread_mutex_setname_np
                0x9d0274bc                pthread_mutex_setname_np
 .text._weak_pthread_mutexattr_init
                0x9d0274c4        0x8 C:/Program Files/Microchip/MPLAB C32/bin/../lib/gcc/pic32mx/3.4.4/../../../../pic32mx/lib/size\libc.a(stubs.o)
                0x9d0274c4                pthread_mutexattr_init
                0x9d0274c4                _weak_pthread_mutexattr_init
 .text._weak_pthread_mutexattr_destroy
                0x9d0274cc        0x8 C:/Program Files/Microchip/MPLAB C32/bin/../lib/gcc/pic32mx/3.4.4/../../../../pic32mx/lib/size\libc.a(stubs.o)
                0x9d0274cc                _weak_pthread_mutexattr_destroy
                0x9d0274cc                pthread_mutexattr_destroy
 .text._weak_pthread_mutexattr_setname_np
                0x9d0274d4        0x8 C:/Program Files/Microchip/MPLAB C32/bin/../lib/gcc/pic32mx/3.4.4/../../../../pic32mx/lib/size\libc.a(stubs.o)
                0x9d0274d4                pthread_mutexattr_setname_np
                0x9d0274d4                _weak_pthread_mutexattr_setname_np
 .text._weak_pthread_mutexattr_settype_np
                0x9d0274dc        0x8 C:/Program Files/Microchip/MPLAB C32/bin/../lib/gcc/pic32mx/3.4.4/../../../../pic32mx/lib/size\libc.a(stubs.o)
                0x9d0274dc                pthread_mutexattr_settype_np
                0x9d0274dc                _weak_pthread_mutexattr_settype_np
 .text._weak_pthread_sysconf_np
                0x9d0274e4        0x8 C:/Program Files/Microchip/MPLAB C32/bin/../lib/gcc/pic32mx/3.4.4/../../../../pic32mx/lib/size\libc.a(stubs.o)
                0x9d0274e4                _weak_pthread_sysconf_np
                0x9d0274e4                pthread_sysconf_np
 .text._weak_pthread_sigdisable_np
                0x9d0274ec        0x8 C:/Program Files/Microchip/MPLAB C32/bin/../lib/gcc/pic32mx/3.4.4/../../../../pic32mx/lib/size\libc.a(stubs.o)
                0x9d0274ec                _weak_pthread_sigdisable_np
                0x9d0274ec                pthread_sigdisable_np
 .text._weak_pthread_sigrestore_np
                0x9d0274f4        0x8 C:/Program Files/Microchip/MPLAB C32/bin/../lib/gcc/pic32mx/3.4.4/../../../../pic32mx/lib/size\libc.a(stubs.o)
                0x9d0274f4                pthread_sigrestore_np
                0x9d0274f4                _weak_pthread_sigrestore_np
 .text._weak__pthread_cleanup_push
                0x9d0274fc        0x8 C:/Program Files/Microchip/MPLAB C32/bin/../lib/gcc/pic32mx/3.4.4/../../../../pic32mx/lib/size\libc.a(stubs.o)
                0x9d0274fc                _weak__pthread_cleanup_push
                0x9d0274fc                _pthread_cleanup_push
 .text._weak__pthread_cleanup_pop
                0x9d027504        0x8 C:/Program Files/Microchip/MPLAB C32/bin/../lib/gcc/pic32mx/3.4.4/../../../../pic32mx/lib/size\libc.a(stubs.o)
                0x9d027504                _pthread_cleanup_pop
                0x9d027504                _weak__pthread_cleanup_pop
 .text._weak__pthread_cleanup_push_defer
                0x9d02750c        0x8 C:/Program Files/Microchip/MPLAB C32/bin/../lib/gcc/pic32mx/3.4.4/../../../../pic32mx/lib/size\libc.a(stubs.o)
                0x9d02750c                _weak__pthread_cleanup_push_defer
                0x9d02750c                _pthread_cleanup_push_defer
 .text._weak__pthread_cleanup_pop_restore
                0x9d027514        0x8 C:/Program Files/Microchip/MPLAB C32/bin/../lib/gcc/pic32mx/3.4.4/../../../../pic32mx/lib/size\libc.a(stubs.o)
                0x9d027514                _weak__pthread_cleanup_pop_restore
                0x9d027514                _pthread_cleanup_pop_restore
 .text._weak_pthread_once
                0x9d02751c       0x2c C:/Program Files/Microchip/MPLAB C32/bin/../lib/gcc/pic32mx/3.4.4/../../../../pic32mx/lib/size\libc.a(stubs.o)
                0x9d02751c                _weak_pthread_once
                0x9d02751c                _pthread_once
                0x9d02751c                pthread_once
 .text._weak_pthread_key_create
                0x9d027548        0x8 C:/Program Files/Microchip/MPLAB C32/bin/../lib/gcc/pic32mx/3.4.4/../../../../pic32mx/lib/size\libc.a(stubs.o)
                0x9d027548                _weak_pthread_key_create
                0x9d027548                pthread_key_create
 .text._weak_pthread_setspecific
                0x9d027550        0x8 C:/Program Files/Microchip/MPLAB C32/bin/../lib/gcc/pic32mx/3.4.4/../../../../pic32mx/lib/size\libc.a(stubs.o)
                0x9d027550                pthread_setspecific
                0x9d027550                _weak_pthread_setspecific
 .text._weak_pthread_getspecific
                0x9d027558        0x8 C:/Program Files/Microchip/MPLAB C32/bin/../lib/gcc/pic32mx/3.4.4/../../../../pic32mx/lib/size\libc.a(stubs.o)
                0x9d027558                pthread_getspecific
                0x9d027558                _weak_pthread_getspecific
 .text._weak__libc_private_storage
                0x9d027560        0x8 C:/Program Files/Microchip/MPLAB C32/bin/../lib/gcc/pic32mx/3.4.4/../../../../pic32mx/lib/size\libc.a(stubs.o)
                0x9d027560                _libc_private_storage
                0x9d027560                _weak__libc_private_storage
 .text          0x9d027568        0x0 C:/Program Files/Microchip/MPLAB C32/bin/../lib/gcc/pic32mx/3.4.4/../../../../pic32mx/lib/size\libc.a(_mon_getc.o)
 .text._mon_getc
                0x9d027568        0x8 C:/Program Files/Microchip/MPLAB C32/bin/../lib/gcc/pic32mx/3.4.4/../../../../pic32mx/lib/size\libc.a(_mon_getc.o)
                0x9d027568                _mon_getc
 .text          0x9d027570        0x0 C:/Program Files/Microchip/MPLAB C32/bin/../lib/gcc/pic32mx/3.4.4/../../../../pic32mx/lib/size\libc.a(_mon_write.o)
 .text._mon_write
                0x9d027570       0x4c C:/Program Files/Microchip/MPLAB C32/bin/../lib/gcc/pic32mx/3.4.4/../../../../pic32mx/lib/size\libc.a(_mon_write.o)
                0x9d027570                _mon_write
 .text          0x9d0275bc        0x0 C:/Program Files/Microchip/MPLAB C32/bin/../lib/gcc/pic32mx/3.4.4/../../../../pic32mx/lib/size\libc.a(fullexit.o)
 .text._fullexit
                0x9d0275bc       0xa4 C:/Program Files/Microchip/MPLAB C32/bin/../lib/gcc/pic32mx/3.4.4/../../../../pic32mx/lib/size\libc.a(fullexit.o)
                0x9d0275bc                _fullexit
 .text          0x9d027660        0x0 C:/Program Files/Microchip/MPLAB C32/bin/../lib/gcc/pic32mx/3.4.4/../../../../pic32mx/lib/size\libc.a(_mon_putc.o)
 .text._mon_putc
                0x9d027660       0x28 C:/Program Files/Microchip/MPLAB C32/bin/../lib/gcc/pic32mx/3.4.4/../../../../pic32mx/lib/size\libc.a(_mon_putc.o)
                0x9d027660                _mon_putc
 .text          0x9d027688      0x5c8 C:/Program Files/Microchip/MPLAB C32/bin/../lib/gcc/pic32mx/3.4.4/../../../../pic32mx/lib/size\libm.a(mod32.o)
                0x9d027688                fmod
                0x9d027688                dpfmod
                0x9d027928                frexp
                0x9d027928                dpfrexp
                0x9d0279cc                __mchp_ldexp
                0x9d0279cc                dpldexp
                0x9d027b34                modf
                0x9d027b34                dpmodf
 .text          0x9d027c50     0x1128 C:/Program Files/Microchip/MPLAB C32/bin/../lib/gcc/pic32mx/3.4.4/../../../../pic32mx/lib/size\libm.a(dp32.o)
                0x9d027c50                __subdf3
                0x9d027c50                dpsub
                0x9d027c58                dpadd
                0x9d027c58                __adddf3
                0x9d02807c                dpmul
                0x9d02807c                __muldf3
                0x9d0283a4                dpdiv
                0x9d0283a4                __divdf3
                0x9d028858                __floatsidf
                0x9d028858                litodp
                0x9d0288cc                ultodp
                0x9d02891c                fptodp
                0x9d02891c                __extendsfdf2
                0x9d0289c0                __truncdfsf2
                0x9d0289c0                dptofp
                0x9d028ab8                dptoli
                0x9d028ab8                __fixdfsi
                0x9d028b40                __fixunsdfsi
                0x9d028b40                dptoul
                0x9d028bc4                __nedf2
                0x9d028bc4                __gtdf2
                0x9d028bc4                __ledf2
                0x9d028bc4                __ltdf2
                0x9d028bc4                __gedf2
                0x9d028bc4                dpcmp
                0x9d028bc4                __eqdf2
                0x9d028ce8                __negdf2
                0x9d028d00                fabs
                0x9d028d00                dpfabs
                0x9d028d1c                nan
                0x9d028d1c                dpnan
 .text          0x9d028d78      0x8ec C:/Program Files/Microchip/MPLAB C32/bin/../lib/gcc/pic32mx/3.4.4/../../../../pic32mx/lib/size\libm.a(fp32.o)
                0x9d028d78                __subsf3
                0x9d028d78                fpsub
                0x9d028d80                fpadd
                0x9d028d80                __addsf3
                0x9d028fec                fpmul
                0x9d028fec                __mulsf3
                0x9d0291a4                fpdiv
                0x9d0291a4                __divsf3
                0x9d0293d0                litofp
                0x9d0293d0                sitofp
                0x9d0293d0                __floatsisf
                0x9d02942c                uitofp
                0x9d02942c                ultofp
                0x9d029478                fptosi
                0x9d029478                fptoli
                0x9d029478                __fixsfsi
                0x9d0294f0                __fixunssfsi
                0x9d0294f0                fptoul
                0x9d0294f0                fptoui
                0x9d029564                __eqsf2
                0x9d029564                __nesf2
                0x9d029564                __lesf2
                0x9d029564                __ltsf2
                0x9d029564                fpcmp
                0x9d029564                __gtsf2
                0x9d029564                __gesf2
                0x9d0295f8                fpfabs
                0x9d0295f8                fabsf
                0x9d029608                __negsf2
                0x9d029618                fpnan
                0x9d029618                nanf
 .text          0x9d029664        0x0 C:/Program Files/Microchip/MPLAB C32/bin/../lib/gcc/pic32mx/3.4.4/../../../../pic32mx/lib/size\libmchp_peripheral_32MX795F512L.a(soft_reset_lib.o)
 .text.SoftReset
                0x9d029664       0x78 C:/Program Files/Microchip/MPLAB C32/bin/../lib/gcc/pic32mx/3.4.4/../../../../pic32mx/lib/size\libmchp_peripheral_32MX795F512L.a(soft_reset_lib.o)
                0x9d029664                SoftReset
 .text          0x9d0296dc        0x0 C:/Program Files/Microchip/MPLAB C32/bin/../lib/gcc/pic32mx/3.4.4/../../../../pic32mx/lib/size\libmchp_peripheral_32MX795F512L.a(pcache.o)
 .text.CheKseg0CacheOff
                0x9d0296dc       0x18 C:/Program Files/Microchip/MPLAB C32/bin/../lib/gcc/pic32mx/3.4.4/../../../../pic32mx/lib/size\libmchp_peripheral_32MX795F512L.a(pcache.o)
                0x9d0296dc                CheKseg0CacheOff
 .text.CheKseg0CacheOn
                0x9d0296f4       0x18 C:/Program Files/Microchip/MPLAB C32/bin/../lib/gcc/pic32mx/3.4.4/../../../../pic32mx/lib/size\libmchp_peripheral_32MX795F512L.a(pcache.o)
                0x9d0296f4                CheKseg0CacheOn
 .text          0x9d02970c        0x0 C:/Program Files/Microchip/MPLAB C32/bin/../lib/gcc/pic32mx/3.4.4/../../../../pic32mx/lib/size\libmchp_peripheral_32MX795F512L.a(set_core_sw0_leg_lib.o)
 .text.SetCoreSW0
                0x9d02970c       0x10 C:/Program Files/Microchip/MPLAB C32/bin/../lib/gcc/pic32mx/3.4.4/../../../../pic32mx/lib/size\libmchp_peripheral_32MX795F512L.a(set_core_sw0_leg_lib.o)
                0x9d02970c                SetCoreSW0
 .text          0x9d02971c        0x0 C:/Program Files/Microchip/MPLAB C32/bin/../lib/gcc/pic32mx/3.4.4/../../../../pic32mx/lib/size\libmchp_peripheral_32MX795F512L.a(int_disable_interrupts_lib.o)
 .text.INTDisableInterrupts
                0x9d02971c        0x8 C:/Program Files/Microchip/MPLAB C32/bin/../lib/gcc/pic32mx/3.4.4/../../../../pic32mx/lib/size\libmchp_peripheral_32MX795F512L.a(int_disable_interrupts_lib.o)
                0x9d02971c                INTDisableInterrupts
 .text          0x9d029724        0x0 C:/Program Files/Microchip/MPLAB C32/bin/../lib/gcc/pic32mx/3.4.4/../../../../pic32mx/lib/size\libmchp_peripheral_32MX795F512L.a(int_restore_interrupts_lib.o)
 .text.INTRestoreInterrupts
                0x9d029724       0x1c C:/Program Files/Microchip/MPLAB C32/bin/../lib/gcc/pic32mx/3.4.4/../../../../pic32mx/lib/size\libmchp_peripheral_32MX795F512L.a(int_restore_interrupts_lib.o)
                0x9d029724                INTRestoreInterrupts
 .text          0x9d029740        0x0 C:/Program Files/Microchip/MPLAB C32/bin/../lib/gcc/pic32mx/3.4.4/../../../../pic32mx/lib/size\libmchp_peripheral_32MX795F512L.a(int_enable_mv_int_lib.o)
 .text.INTEnableSystemMultiVectoredInt
                0x9d029740       0x34 C:/Program Files/Microchip/MPLAB C32/bin/../lib/gcc/pic32mx/3.4.4/../../../../pic32mx/lib/size\libmchp_peripheral_32MX795F512L.a(int_enable_mv_int_lib.o)
                0x9d029740                INTEnableSystemMultiVectoredInt
 .text          0x9d029774        0x0 C:/Program Files/Microchip/MPLAB C32/bin/../lib/gcc/pic32mx/3.4.4/../../../../pic32mx/lib/size\libmchp_peripheral_32MX795F512L.a(int_tbl_lib.o)
 .text.INTClearFlag
                0x9d029774       0x28 C:/Program Files/Microchip/MPLAB C32/bin/../lib/gcc/pic32mx/3.4.4/../../../../pic32mx/lib/size\libmchp_peripheral_32MX795F512L.a(int_tbl_lib.o)
                0x9d029774                INTClearFlag
 .text.INTSetFlag
                0x9d02979c       0x28 C:/Program Files/Microchip/MPLAB C32/bin/../lib/gcc/pic32mx/3.4.4/../../../../pic32mx/lib/size\libmchp_peripheral_32MX795F512L.a(int_tbl_lib.o)
                0x9d02979c                INTSetFlag
 .text.INTGetFlag
                0x9d0297c4       0x28 C:/Program Files/Microchip/MPLAB C32/bin/../lib/gcc/pic32mx/3.4.4/../../../../pic32mx/lib/size\libmchp_peripheral_32MX795F512L.a(int_tbl_lib.o)
                0x9d0297c4                INTGetFlag
 .text.INTEnable
                0x9d0297ec       0x38 C:/Program Files/Microchip/MPLAB C32/bin/../lib/gcc/pic32mx/3.4.4/../../../../pic32mx/lib/size\libmchp_peripheral_32MX795F512L.a(int_tbl_lib.o)
                0x9d0297ec                INTEnable
 .text.INTGetEnable
                0x9d029824       0x28 C:/Program Files/Microchip/MPLAB C32/bin/../lib/gcc/pic32mx/3.4.4/../../../../pic32mx/lib/size\libmchp_peripheral_32MX795F512L.a(int_tbl_lib.o)
                0x9d029824                INTGetEnable
 .text.INTSetVectorPriority
                0x9d02984c       0x3c C:/Program Files/Microchip/MPLAB C32/bin/../lib/gcc/pic32mx/3.4.4/../../../../pic32mx/lib/size\libmchp_peripheral_32MX795F512L.a(int_tbl_lib.o)
                0x9d02984c                INTSetVectorPriority
 .text.INTGetVectorPriority
                0x9d029888       0x2c C:/Program Files/Microchip/MPLAB C32/bin/../lib/gcc/pic32mx/3.4.4/../../../../pic32mx/lib/size\libmchp_peripheral_32MX795F512L.a(int_tbl_lib.o)
                0x9d029888                INTGetVectorPriority
 .text.INTSetVectorSubPriority
                0x9d0298b4       0x3c C:/Program Files/Microchip/MPLAB C32/bin/../lib/gcc/pic32mx/3.4.4/../../../../pic32mx/lib/size\libmchp_peripheral_32MX795F512L.a(int_tbl_lib.o)
                0x9d0298b4                INTSetVectorSubPriority
 .text.INTGetVectorSubPriority
                0x9d0298f0       0x2c C:/Program Files/Microchip/MPLAB C32/bin/../lib/gcc/pic32mx/3.4.4/../../../../pic32mx/lib/size\libmchp_peripheral_32MX795F512L.a(int_tbl_lib.o)
                0x9d0298f0                INTGetVectorSubPriority
 .text          0x9d02991c        0x0 C:/Program Files/Microchip/MPLAB C32/bin/../lib/gcc/pic32mx/3.4.4/../../../../pic32mx/lib/size\libmchp_peripheral_32MX795F512L.a(port_set_pins_digital_out_lib.o)
 .text.PORTSetPinsDigitalOut
                0x9d02991c       0x3c C:/Program Files/Microchip/MPLAB C32/bin/../lib/gcc/pic32mx/3.4.4/../../../../pic32mx/lib/size\libmchp_peripheral_32MX795F512L.a(port_set_pins_digital_out_lib.o)
                0x9d02991c                PORTSetPinsDigitalOut
 .text          0x9d029958        0x0 C:/Program Files/Microchip/MPLAB C32/bin/../lib/gcc/pic32mx/3.4.4/../../../../pic32mx/lib/size\libmchp_peripheral_32MX795F512L.a(port_clear_bits_lib.o)
 .text.PORTClearBits
                0x9d029958       0x24 C:/Program Files/Microchip/MPLAB C32/bin/../lib/gcc/pic32mx/3.4.4/../../../../pic32mx/lib/size\libmchp_peripheral_32MX795F512L.a(port_clear_bits_lib.o)
                0x9d029958                PORTClearBits
 .text          0x9d02997c        0x0 C:/Program Files/Microchip/MPLAB C32/bin/../lib/gcc/pic32mx/3.4.4/../../../../pic32mx/lib/size\libmchp_peripheral_32MX795F512L.a(port_set_bits_lib.o)
 .text.PORTSetBits
                0x9d02997c       0x24 C:/Program Files/Microchip/MPLAB C32/bin/../lib/gcc/pic32mx/3.4.4/../../../../pic32mx/lib/size\libmchp_peripheral_32MX795F512L.a(port_set_bits_lib.o)
                0x9d02997c                PORTSetBits
 .text          0x9d0299a0        0x0 C:/Program Files/Microchip/MPLAB C32/bin/../lib/gcc/pic32mx/3.4.4/../../../../pic32mx/lib/size\libmchp_peripheral_32MX795F512L.a(_ports_tbl_libp.o)
 .text          0x9d0299a0        0x0 C:/Program Files/Microchip/MPLAB C32/bin/../lib/gcc/pic32mx/3.4.4/../../../../pic32mx/lib/size\libmchp_peripheral_32MX795F512L.a(uart_lib.o)
 .text.UARTEnable
                0x9d0299a0       0x70 C:/Program Files/Microchip/MPLAB C32/bin/../lib/gcc/pic32mx/3.4.4/../../../../pic32mx/lib/size\libmchp_peripheral_32MX795F512L.a(uart_lib.o)
                0x9d0299a0                UARTEnable
 .text.UARTConfigure
                0x9d029a10       0x3c C:/Program Files/Microchip/MPLAB C32/bin/../lib/gcc/pic32mx/3.4.4/../../../../pic32mx/lib/size\libmchp_peripheral_32MX795F512L.a(uart_lib.o)
                0x9d029a10                UARTConfigure
 .text.UARTSetFifoMode
                0x9d029a4c       0x28 C:/Program Files/Microchip/MPLAB C32/bin/../lib/gcc/pic32mx/3.4.4/../../../../pic32mx/lib/size\libmchp_peripheral_32MX795F512L.a(uart_lib.o)
                0x9d029a4c                UARTSetFifoMode
 .text.UARTSetDataRate
                0x9d029a74       0x5c C:/Program Files/Microchip/MPLAB C32/bin/../lib/gcc/pic32mx/3.4.4/../../../../pic32mx/lib/size\libmchp_peripheral_32MX795F512L.a(uart_lib.o)
                0x9d029a74                UARTSetDataRate
 .text.UARTGetDataRate
                0x9d029ad0       0x40 C:/Program Files/Microchip/MPLAB C32/bin/../lib/gcc/pic32mx/3.4.4/../../../../pic32mx/lib/size\libmchp_peripheral_32MX795F512L.a(uart_lib.o)
                0x9d029ad0                UARTGetDataRate
 .text.UARTSetLineControl
                0x9d029b10       0x28 C:/Program Files/Microchip/MPLAB C32/bin/../lib/gcc/pic32mx/3.4.4/../../../../pic32mx/lib/size\libmchp_peripheral_32MX795F512L.a(uart_lib.o)
                0x9d029b10                UARTSetLineControl
 .text.UARTSetAddress
                0x9d029b38       0x3c C:/Program Files/Microchip/MPLAB C32/bin/../lib/gcc/pic32mx/3.4.4/../../../../pic32mx/lib/size\libmchp_peripheral_32MX795F512L.a(uart_lib.o)
                0x9d029b38                UARTSetAddress
 .text.UARTWatchForAddress
                0x9d029b74       0x38 C:/Program Files/Microchip/MPLAB C32/bin/../lib/gcc/pic32mx/3.4.4/../../../../pic32mx/lib/size\libmchp_peripheral_32MX795F512L.a(uart_lib.o)
                0x9d029b74                UARTWatchForAddress
 .text          0x9d029bac        0x0 C:/Program Files/Microchip/MPLAB C32/bin/../lib/gcc/pic32mx/3.4.4/../../../../pic32mx/lib/size\libmchp_peripheral_32MX795F512L.a(puts_uartx_lib_legacy.o)
 .text.putsUART1
                0x9d029bac       0x50 C:/Program Files/Microchip/MPLAB C32/bin/../lib/gcc/pic32mx/3.4.4/../../../../pic32mx/lib/size\libmchp_peripheral_32MX795F512L.a(puts_uartx_lib_legacy.o)
                0x9d029bac                putsUART1
 .text.putsUART2
                0x9d029bfc       0x50 C:/Program Files/Microchip/MPLAB C32/bin/../lib/gcc/pic32mx/3.4.4/../../../../pic32mx/lib/size\libmchp_peripheral_32MX795F512L.a(puts_uartx_lib_legacy.o)
                0x9d029bfc                putsUART2
 .text          0x9d029c4c        0x0 C:/Program Files/Microchip/MPLAB C32/bin/../lib/gcc/pic32mx/3.4.4/../../../../pic32mx/lib/size\libmchp_peripheral_32MX795F512L.a(int_enable_interrupts_lib.o)
 .text.INTEnableInterrupts
                0x9d029c4c        0x8 C:/Program Files/Microchip/MPLAB C32/bin/../lib/gcc/pic32mx/3.4.4/../../../../pic32mx/lib/size\libmchp_peripheral_32MX795F512L.a(int_enable_interrupts_lib.o)
                0x9d029c4c                INTEnableInterrupts
 .text          0x9d029c54      0x4ac C:/Program Files/Microchip/MPLAB C32/bin/../lib/gcc/pic32mx/3.4.4/size\libgcc.a(_umoddi3.o)
                0x9d029c54                __umoddi3
 .text          0x9d02a100        0x0 C:/Program Files/Microchip/MPLAB C32/bin/../lib/gcc/pic32mx/3.4.4/../../../../pic32mx/lib/./proc/32MX795F512L\processor.o
 *(.text.*personality*)
 *(.gnu.warning)
 *(.mips16.fn.*)
 *(.mips16.call.*)
                0x9d02a100                _text_end = .

.FreeRTOS       0x9d02a100      0x440
 .FreeRTOS      0x9d02a100      0x440 Objects Files\port_asm.o
                0x9d02a100                vT2InterruptHandler
                0x9d02a2a8                vPortStartFirstTask
                0x9d02a36c                vPortYieldISR

.rodata         0x9d02a540     0x1dc4
 *(.rodata .rodata.* .gnu.linkonce.r.*)
 .rodata        0x9d02a540       0x1c Objects Files\tasks.o
 .rodata        0x9d02a55c        0x4 Objects Files\port.o
                0x9d02a55c                xISRStackTop
 .rodata        0x9d02a560       0x14 Objects Files\WF_Config.o
 .rodata        0x9d02a574       0x40 Objects Files\RTOS_init.o
 *fill*         0x9d02a5b4        0x4 00
 .rodata        0x9d02a5b8       0x70 Objects Files\App_functions.o
 .rodata        0x9d02a628       0x94 Objects Files\App_HTTP_custom.o
 .rodata        0x9d02a6bc       0x6c Objects Files\TCPIP_init.o
 .rodata        0x9d02a728       0xd8 Objects Files\Main.o
 .rodata        0x9d02a800        0x8 Objects Files\Task_control.o
 .rodata        0x9d02a808      0x11c Objects Files\WFConsole.o
 .rodata        0x9d02a924        0xc Objects Files\WFConsoleMsgHandler.o
 .rodata        0x9d02a930       0xb8 Objects Files\WFConsoleMsgs.o
                0x9d02a930                helpCmd
                0x9d02a938                helpHelp
                0x9d02a94c                getwfverCmd
                0x9d02a958                getwfverHelp
                0x9d02a974                resetCmd
                0x9d02a97c                resetHelp
                0x9d02a98c                clsCmd
                0x9d02a990                clsHelp
                0x9d02a9a0                seeDocHelp
                0x9d02a9b4                g_consoleCmd
                0x9d02a9e4                g_numCmds
 .rodata        0x9d02a9e8        0x4 Objects Files\WFDriverRaw.o
 .rodata        0x9d02a9ec       0x2c Objects Files\WFEasyConfig.o
 .rodata        0x9d02aa18       0x18 Objects Files\WFEventHandler.o
 .rodata        0x9d02aa30        0x8 Objects Files\WFInit.o
 .rodata        0x9d02aa38        0x4 Objects Files\WFParamMsg.o
 .rodata        0x9d02aa3c      0x8cc Objects Files\HTTP2.o
 .rodata        0x9d02b308        0x8 Objects Files\MPFS2.o
 .rodata        0x9d02b310       0x7c Objects Files\TCP.o
                0x9d02b310                TCPSocketInitializer
 *fill*         0x9d02b38c        0x4 00
 .rodata        0x9d02b390       0xc8 Objects Files\Task_DebugUART.o
 .rodata        0x9d02b458      0x358 Objects Files\IperfApp.o
 .rodata        0x9d02b7b0      0x104 C:/Program Files/Microchip/MPLAB C32/bin/../lib/gcc/pic32mx/3.4.4/../../../../pic32mx/lib/size\libc.a(ctype.o)
                0x9d02b7b0                _ctype
 .rodata        0x9d02b8b4      0x1a0 C:/Program Files/Microchip/MPLAB C32/bin/../lib/gcc/pic32mx/3.4.4/../../../../pic32mx/lib/size\libc.a(_doprnt.o)
 *fill*         0x9d02ba54        0x4 00
 .rodata.cst8   0x9d02ba58       0x28 C:/Program Files/Microchip/MPLAB C32/bin/../lib/gcc/pic32mx/3.4.4/../../../../pic32mx/lib/size\libc.a(_doprnt.o)
                                 0x30 (size before relaxing)
 .rodata.str1.4
                0x9d02ba80       0x1c C:/Program Files/Microchip/MPLAB C32/bin/../lib/gcc/pic32mx/3.4.4/../../../../pic32mx/lib/size\libc.a(_doprnt.o)
 .rodata        0x9d02ba9c       0x14 C:/Program Files/Microchip/MPLAB C32/bin/../lib/gcc/pic32mx/3.4.4/../../../../pic32mx/lib/size\libc.a(_iobdata.o)
                0x9d02ba9c                _io_funcs
 .rodata        0x9d02bab0       0x14 C:/Program Files/Microchip/MPLAB C32/bin/../lib/gcc/pic32mx/3.4.4/../../../../pic32mx/lib/size\libc.a(_iobstring.o)
                0x9d02bab0                _io_strfuncs
 .rodata        0x9d02bac4      0x7d4 C:/Program Files/Microchip/MPLAB C32/bin/../lib/gcc/pic32mx/3.4.4/../../../../pic32mx/lib/size\libmchp_peripheral_32MX795F512L.a(int_tbl_lib.o)
                0x9d02bac4                __IntVectorTbl
                0x9d02bd7c                __IntSrcTbl
 .rodata        0x9d02c298       0x54 C:/Program Files/Microchip/MPLAB C32/bin/../lib/gcc/pic32mx/3.4.4/../../../../pic32mx/lib/size\libmchp_peripheral_32MX795F512L.a(_ports_tbl_libp.o)
                0x9d02c298                PortRegTbl
 .rodata        0x9d02c2ec       0x18 C:/Program Files/Microchip/MPLAB C32/bin/../lib/gcc/pic32mx/3.4.4/../../../../pic32mx/lib/size\libmchp_peripheral_32MX795F512L.a(uart_lib.o)
                0x9d02c2ec                uartReg
 *(.rodata1)
                0x9d02c304                . = ALIGN (0x4)

.sdata2         0x9d02c304        0x0
 *(.sdata2 .sdata2.* .gnu.linkonce.s2.*)
                0x9d02c304                . = ALIGN (0x4)

.sbss2          0x9d02c304        0x0
 *(.sbss2 .sbss2.* .gnu.linkonce.sb2.*)
                0x9d02c304                . = ALIGN (0x4)

.eh_frame_hdr
 *(.eh_frame_hdr)

.eh_frame       0x9d02c304       0x40
 *(.eh_frame)
 .eh_frame      0x9d02c304       0x20 C:/Program Files/Microchip/MPLAB C32/bin/../lib/gcc/pic32mx/3.4.4/size\libgcc.a(_udivdi3.o)
 .eh_frame      0x9d02c324       0x20 C:/Program Files/Microchip/MPLAB C32/bin/../lib/gcc/pic32mx/3.4.4/size\libgcc.a(_umoddi3.o)

.dbg_data       0xa0000000        0x0
                0xa0000000                . = (. + DEFINED (_DEBUGGER)?0x200:0x0)

.persist        0xa0000000        0x0
                0xa0000000                _persist_begin = .
 *(.persist .persist.*)
                0xa0000000                _persist_end = .

.data           0xa0000000       0xf4 load address 0x9d02c344
                0xa0000000                _data_begin = .
 *(.data .data.* .gnu.linkonce.d.*)
 .data          0xa0000000        0x0 C:/Program Files/Microchip/MPLAB C32/bin/../lib/gcc/pic32mx/3.4.4/../../../../pic32mx/lib/size/crt0.o
 .data          0xa0000000        0x0 Objects Files\tasks.o
 .data          0xa0000000        0x0 Objects Files\list.o
 .data          0xa0000000        0x0 Objects Files\queue.o
 .data          0xa0000000        0x0 Objects Files\port_asm.o
 .data          0xa0000000        0x0 Objects Files\port.o
 .data          0xa0000000        0x0 Objects Files\heap_1.o
 .data          0xa0000000        0x0 Objects Files\WF_Config.o
 .data          0xa0000000        0x0 Objects Files\RTOS_init.o
 .data          0xa0000000        0x0 Objects Files\App_functions.o
 .data          0xa0000000        0x0 Objects Files\App_HTTP_custom.o
 .data          0xa0000000        0x0 Objects Files\TCPIP_init.o
 .data          0xa0000000        0x0 Objects Files\App_init.o
 .data          0xa0000000        0x0 Objects Files\Main.o
 .data          0xa0000000        0x0 Objects Files\Task_HTTP.o
 .data          0xa0000000        0x0 Objects Files\Task_control.o
 .data          0xa0000000        0x0 Objects Files\Task_Network.o